Component: Arm Compiler for Embedded 6.22 Tool: armlink [5ee90200]

==============================================================================

Section Cross References

    main.o(.text.main) refers to usart.o(.text.USART2_Init) for USART2_Init
    main.o(.text.main) refers to usart.o(.text.USART3_Init) for USART3_Init
    main.o(.text.main) refers to util.o(.text.IWDG_Init) for IWDG_Init
    main.o(.text.main) refers to esp.o(.text.ESP_Init_Station_Server) for ESP_Init_Station_Server
    main.o(.text.main) refers to main.o(.bss.browrser_request) for browrser_request
    main.o(.text.main) refers to main.o(.bss.CpyBuffer) for CpyBuffer
    main.o(.text.main) refers to util.o(.text.IWDG_Refresh) for IWDG_Refresh
    main.o(.text.main) refers to webserver.o(.text.processRequest) for processRequest
    main.o(.ARM.exidx.text.main) refers to main.o(.text.main) for [Anonymous Symbol]
    util.o(.text.ClearBuffer) refers to rt_memclr.o(.text) for __aeabi_memclr
    util.o(.ARM.exidx.text.ClearBuffer) refers to util.o(.text.ClearBuffer) for [Anonymous Symbol]
    util.o(.text.delay_ms) refers to system_stm32f4xx.o(.data.SystemCoreClock) for SystemCoreClock
    util.o(.ARM.exidx.text.delay_ms) refers to util.o(.text.delay_ms) for [Anonymous Symbol]
    util.o(.ARM.exidx.text.IWDG_Init) refers to util.o(.text.IWDG_Init) for [Anonymous Symbol]
    util.o(.ARM.exidx.text.IWDG_Refresh) refers to util.o(.text.IWDG_Refresh) for [Anonymous Symbol]
    usart.o(.ARM.exidx.text.USART3_Init) refers to usart.o(.text.USART3_Init) for [Anonymous Symbol]
    usart.o(.ARM.exidx.text.SendChar_usart3) refers to usart.o(.text.SendChar_usart3) for [Anonymous Symbol]
    usart.o(.ARM.exidx.text.SendTxt_usart3) refers to usart.o(.text.SendTxt_usart3) for [Anonymous Symbol]
    usart.o(.ARM.exidx.text.USART2_Init) refers to usart.o(.text.USART2_Init) for [Anonymous Symbol]
    usart.o(.ARM.exidx.text.SendChar_usart2) refers to usart.o(.text.SendChar_usart2) for [Anonymous Symbol]
    usart.o(.ARM.exidx.text.SendTxt_usart2) refers to usart.o(.text.SendTxt_usart2) for [Anonymous Symbol]
    usart.o(.text.USART2_IRQHandler) refers to main.o(.bss.j) for j
    usart.o(.text.USART2_IRQHandler) refers to main.o(.bss.RX2_Buffer) for RX2_Buffer
    usart.o(.text.USART2_IRQHandler) refers to main.o(.bss.CpyBuffer) for CpyBuffer
    usart.o(.text.USART2_IRQHandler) refers to rt_memcpy_v6.o(.text) for __aeabi_memcpy
    usart.o(.text.USART2_IRQHandler) refers to esp.o(.text.Parse_ESP_Data) for Parse_ESP_Data
    usart.o(.text.USART2_IRQHandler) refers to strstr.o(.text) for strstr
    usart.o(.text.USART2_IRQHandler) refers to main.o(.bss.browrser_request) for browrser_request
    usart.o(.text.USART2_IRQHandler) refers to util.o(.text.ClearBuffer) for ClearBuffer
    usart.o(.ARM.exidx.text.USART2_IRQHandler) refers to usart.o(.text.USART2_IRQHandler) for [Anonymous Symbol]
    esp.o(.text) refers (Special) to _printf_percent.o(.ARM.Collect$$_printf_percent$$00000000) for _printf_percent
    esp.o(.text) refers (Special) to _printf_s.o(.ARM.Collect$$_printf_percent$$00000014) for _printf_s
    esp.o(.text) refers (Special) to _printf_str.o(.text) for _printf_str
    esp.o(.text) refers (Special) to _scanf_int.o(.text) for _scanf_int
    esp.o(.text) refers (Special) to scanf1.o(x$fpl$scanf1) for _scanf_real
    esp.o(.text.waitForResponse) refers (Special) to _printf_percent.o(.ARM.Collect$$_printf_percent$$00000000) for _printf_percent
    esp.o(.text.waitForResponse) refers (Special) to _printf_s.o(.ARM.Collect$$_printf_percent$$00000014) for _printf_s
    esp.o(.text.waitForResponse) refers (Special) to _printf_str.o(.text) for _printf_str
    esp.o(.text.waitForResponse) refers (Special) to _scanf_int.o(.text) for _scanf_int
    esp.o(.text.waitForResponse) refers (Special) to scanf1.o(x$fpl$scanf1) for _scanf_real
    esp.o(.text.waitForResponse) refers to main.o(.bss.CpyBuffer) for CpyBuffer
    esp.o(.text.waitForResponse) refers to strstr.o(.text) for strstr
    esp.o(.text.waitForResponse) refers to util.o(.text.delay_ms) for delay_ms
    esp.o(.ARM.exidx.text.waitForResponse) refers (Special) to _printf_percent.o(.ARM.Collect$$_printf_percent$$00000000) for _printf_percent
    esp.o(.ARM.exidx.text.waitForResponse) refers (Special) to _printf_s.o(.ARM.Collect$$_printf_percent$$00000014) for _printf_s
    esp.o(.ARM.exidx.text.waitForResponse) refers (Special) to _printf_str.o(.text) for _printf_str
    esp.o(.ARM.exidx.text.waitForResponse) refers (Special) to _scanf_int.o(.text) for _scanf_int
    esp.o(.ARM.exidx.text.waitForResponse) refers (Special) to scanf1.o(x$fpl$scanf1) for _scanf_real
    esp.o(.ARM.exidx.text.waitForResponse) refers to esp.o(.text.waitForResponse) for [Anonymous Symbol]
    esp.o(.text.ESP_SendCommand) refers (Special) to _printf_percent.o(.ARM.Collect$$_printf_percent$$00000000) for _printf_percent
[...]
    ../fplib/fpconst.s                       0x00000000   Number         0  fpconst.o ABSOLUTE
    ../fplib/fpinit.s                        0x00000000   Number         0  fpinit.o ABSOLUTE
    ../fplib/fretinf.s                       0x00000000   Number         0  fretinf.o ABSOLUTE
    ../fplib/istatus.s                       0x00000000   Number         0  istatus.o ABSOLUTE
    ../fplib/printf1.s                       0x00000000   Number         0  printf1.o ABSOLUTE
    ../fplib/retnan.s                        0x00000000   Number         0  retnan.o ABSOLUTE
    ../fplib/scalbn.s                        0x00000000   Number         0  scalbn.o ABSOLUTE
    ../fplib/scanf1.s                        0x00000000   Number         0  scanf1.o ABSOLUTE
    ../fplib/scanf2.s                        0x00000000   Number         0  scanf2.o ABSOLUTE
    ../fplib/scanf2a.s                       0x00000000   Number         0  scanf2a.o ABSOLUTE
    ../fplib/scanf2b.s                       0x00000000   Number         0  scanf2b.o ABSOLUTE
    ../fplib/trapv.s                         0x00000000   Number         0  trapv.o ABSOLUTE
    ../fplib/usenofp.s                       0x00000000   Number         0  usenofp.o ABSOLUTE
    ../mathlib/dunder.c                      0x00000000   Number         0  dunder.o ABSOLUTE
    ../mathlib/fpclassify.c                  0x00000000   Number         0  fpclassify.o ABSOLUTE
    ../mathlib/frexp.c                       0x00000000   Number         0  frexp.o ABSOLUTE
    ../mathlib/ldexp.c                       0x00000000   Number         0  ldexp.o ABSOLUTE
    ../mathlib/narrow.c                      0x00000000   Number         0  narrow.o ABSOLUTE
    ESP.c                                    0x00000000   Number         0  esp.o ABSOLUTE
    RTE/Device/STM32F407VGTx/startup_stm32f407xx.s 0x00000000   Number         0  startup_stm32f407xx.o ABSOLUTE
    USART.c                                  0x00000000   Number         0  usart.o ABSOLUTE
    UTIL.c                                   0x00000000   Number         0  util.o ABSOLUTE
    WEBSERVER.c                              0x00000000   Number         0  webserver.o ABSOLUTE
    dc.s                                     0x00000000   Number         0  dc.o ABSOLUTE
    main.c                                   0x00000000   Number         0  main.o ABSOLUTE
    system_stm32f4xx.c                       0x00000000   Number         0  system_stm32f4xx.o ABSOLUTE
    RESET                                    0x08000000   Section      392  startup_stm32f407xx.o(RESET)
    !!!main                                  0x08000188   Section        8  __main.o(!!!main)
    !!!scatter                               0x08000190   Section       92  __scatter.o(!!!scatter)
    !!dclz77c                                0x080001ec   Section      100  __dclz77c.o(!!dclz77c)
    !!handler_null                           0x08000250   Section        2  __scatter.o(!!handler_null)
    !!handler_zi                             0x08000254   Section       28  __scatter_zi.o(!!handler_zi)
    .ARM.Collect$$_printf_percent$$00000000  0x08000270   Section        0  _printf_percent.o(.ARM.Collect$$_printf_percent$$00000000)
    .ARM.Collect$$_printf_percent$$00000003  0x08000270   Section        6  _printf_f.o(.ARM.Collect$$_printf_percent$$00000003)
    .ARM.Collect$$_printf_percent$$00000009  0x08000276   Section        6  _printf_d.o(.ARM.Collect$$_printf_percent$$00000009)
    .ARM.Collect$$_printf_percent$$0000000A  0x0800027c   Section        6  _printf_u.o(.ARM.Collect$$_printf_percent$$0000000A)
    .ARM.Collect$$_printf_percent$$00000014  0x08000282   Section        6  _printf_s.o(.ARM.Collect$$_printf_percent$$00000014)
    .ARM.Collect$$_printf_percent$$00000017  0x08000288   Section        4  _printf_percent_end.o(.ARM.Collect$$_printf_percent$$00000017)
    .ARM.Collect$$libinit$$00000000          0x0800028c   Section        2  libinit.o(.ARM.Collect$$libinit$$00000000)
    .ARM.Collect$$libinit$$00000001          0x0800028e   Section        4  libinit2.o(.ARM.Collect$$libinit$$00000001)
    .ARM.Collect$$libinit$$00000004          0x08000292   Section        0  libinit2.o(.ARM.Collect$$libinit$$00000004)
    .ARM.Collect$$libinit$$00000006          0x08000292   Section        0  libinit2.o(.ARM.Collect$$libinit$$00000006)
    .ARM.Collect$$libinit$$0000000C          0x08000292   Section        0  libinit2.o(.ARM.Collect$$libinit$$0000000C)
    .ARM.Collect$$libinit$$0000000E          0x08000292   Section        0  libinit2.o(.ARM.Collect$$libinit$$0000000E)
    .ARM.Collect$$libinit$$00000010          0x08000292   Section        0  libinit2.o(.ARM.Collect$$libinit$$00000010)
    .ARM.Collect$$libinit$$00000011          0x08000292   Section        6  libinit2.o(.ARM.Collect$$libinit$$00000011)
    .ARM.Collect$$libinit$$00000013          0x08000298   Section        0  libinit2.o(.ARM.Collect$$libinit$$00000013)
    .ARM.Collect$$libinit$$00000014          0x08000298   Section       12  libinit2.o(.ARM.Collect$$libinit$$00000014)
    .ARM.Collect$$libinit$$00000015          0x080002a4   Section        0  libinit2.o(.ARM.Collect$$libinit$$00000015)
    .ARM.Collect$$libinit$$00000017          0x080002a4   Section        0  libinit2.o(.ARM.Collect$$libinit$$00000017)
    .ARM.Collect$$libinit$$00000018          0x080002a4   Section       10  libinit2.o(.ARM.Collect$$libinit$$00000018)
    .ARM.Collect$$libinit$$00000019          0x080002ae   Section        0  libinit2.o(.ARM.Collect$$libinit$$00000019)
    .ARM.Collect$$libinit$$0000001B          0x080002ae   Section        0  libinit2.o(.ARM.Collect$$libinit$$0000001B)
    .ARM.Collect$$libinit$$0000001D          0x080002ae   Section        0  libinit2.o(.ARM.Collect$$libinit$$0000001D)
    .ARM.Collect$$libinit$$0000001F          0x080002ae   Section        0  libinit2.o(.ARM.Collect$$libinit$$0000001F)
    .ARM.Collect$$libinit$$00000021          0x080002ae   Section        0  libinit2.o(.ARM.Collect$$libinit$$00000021)
    .ARM.Collect$$libinit$$00000023          0x080002ae   Section        0  libinit2.o(.ARM.Collect$$libinit$$00000023)
    .ARM.Collect$$libinit$$00000025          0x080002ae   Section        0  libinit2.o(.ARM.Collect$$libinit$$00000025)
    .ARM.Collect$$libinit$$00000027          0x080002ae   Section        0  libinit2.o(.ARM.Collect$$libinit$$00000027)
    .ARM.Collect$$libinit$$0000002E          0x080002ae   Section        0  libinit2.o(.ARM.Collect$$libinit$$0000002E)
    .ARM.Collect$$libinit$$00000030          0x080002ae   Section        0  libinit2.o(.ARM.Collect$$libinit$$00000030)
    .ARM.Collect$$libinit$$00000032          0x080002ae   Section        0  libinit2.o(.ARM.Collect$$libinit$$00000032)
    .ARM.Collect$$libinit$$00000034          0x080002ae   Section        0  libinit2.o(.ARM.Collect$$libinit$$00000034)
    .ARM.Collect$$libinit$$00000035          0x080002ae   Section        2  libinit2.o(.ARM.Collect$$libinit$$00000035)
    .ARM.Collect$$libshutdown$$00000000      0x080002b0   Section        2  libshutdown.o(.ARM.Collect$$libshutdown$$00000000)
    .ARM.Collect$$libshutdown$$00000002      0x080002b2   Section        0  libshutdown2.o(.ARM.Collect$$libshutdown$$00000002)
    .ARM.Collect$$libshutdown$$00000004      0x080002b2   Section        0  libshutdown2.o(.ARM.Collect$$libshutdown$$00000004)
    .ARM.Collect$$libshutdown$$00000007      0x080002b2   Section        0  libshutdown2.o(.ARM.Collect$$libshutdown$$00000007)
    .ARM.Collect$$libshutdown$$0000000A      0x080002b2   Section        0  libshutdown2.o(.ARM.Collect$$libshutdown$$0000000A)
    .ARM.Collect$$libshutdown$$0000000C      0x080002b2   Section        0  libshutdown2.o(.ARM.Collect$$libshutdown$$0000000C)
    .ARM.Collect$$libshutdown$$0000000F      0x080002b2   Section        0  libshutdown2.o(.ARM.Collect$$libshutdown$$0000000F)
    .ARM.Collect$$libshutdown$$00000010      0x080002b2   Section        2  libshutdown2.o(.ARM.Collect$$libshutdown$$00000010)
    .ARM.Collect$$rtentry$$00000000          0x080002b4   Section        0  __rtentry.o(.ARM.Collect$$rtentry$$00000000)
    .ARM.Collect$$rtentry$$00000002          0x080002b4   Section        0  __rtentry2.o(.ARM.Collect$$rtentry$$00000002)
    .ARM.Collect$$rtentry$$00000004          0x080002b4   Section        6  __rtentry4.o(.ARM.Collect$$rtentry$$00000004)
    .ARM.Collect$$rtentry$$00000009          0x080002ba   Section        0  __rtentry2.o(.ARM.Collect$$rtentry$$00000009)
    .ARM.Collect$$rtentry$$0000000A          0x080002ba   Section        4  __rtentry2.o(.ARM.Collect$$rtentry$$0000000A)
    .ARM.Collect$$rtentry$$0000000C          0x080002be   Section        0  __rtentry2.o(.ARM.Collect$$rtentry$$0000000C)
    .ARM.Collect$$rtentry$$0000000D          0x080002be   Section        8  __rtentry2.o(.ARM.Collect$$rtentry$$0000000D)
    .ARM.Collect$$rtexit$$00000000           0x080002c6   Section        2  rtexit.o(.ARM.Collect$$rtexit$$00000000)
    .ARM.Collect$$rtexit$$00000002           0x080002c8   Section        0  rtexit2.o(.ARM.Collect$$rtexit$$00000002)
    .ARM.Collect$$rtexit$$00000003           0x080002c8   Section        4  rtexit2.o(.ARM.Collect$$rtexit$$00000003)
    .ARM.Collect$$rtexit$$00000004           0x080002cc   Section        6  rtexit2.o(.ARM.Collect$$rtexit$$00000004)
    $v0                                      0x080002d4   Number         0  startup_stm32f407xx.o(.text)
    .text                                    0x080002d4   Section       64  startup_stm32f407xx.o(.text)
    .text                                    0x08000314   Section        0  noretval__2sprintf.o(.text)
    .text                                    0x0800033c   Section        0  noretval__2snprintf.o(.text)
    .text                                    0x0800037c   Section        0  _printf_truncate.o(.text)
    .text                                    0x080003a0   Section        0  _printf_str.o(.text)
    .text                                    0x080003f4   Section        0  _printf_dec.o(.text)
    .text                                    0x0800046c   Section        0  __printf_ss_wp.o(.text)
    .text                                    0x080005cc   Section        0  __0sscanf.o(.text)
    .text                                    0x08000608   Section        0  _scanf_int.o(.text)
    .text                                    0x08000754   Section        0  atoi.o(.text)
    .text                                    0x0800076e   Section        0  strstr.o(.text)
    .text                                    0x08000792   Section        0  strlen.o(.text)
    .text                                    0x080007d0   Section      138  rt_memcpy_v6.o(.text)
    .text                                    0x0800085a   Section       68  rt_memclr.o(.text)
    .text                                    0x0800089e   Section        0  heapauxi.o(.text)
    .text                                    0x080008a4   Section        8  rt_errno_addr_intlibspace.o(.text)
    .text                                    0x080008ac   Section        0  _printf_intcommon.o(.text)
    _fp_digits                               0x0800095f   Thumb Code   432  _printf_fp_dec.o(.text)
    .text                                    0x0800095e   Section        0  _printf_fp_dec.o(.text)
    _printf_input_char                       0x08000d7d   Thumb Code    10  _printf_char_common.o(.text)
    .text                                    0x08000d7c   Section        0  _printf_char_common.o(.text)
    .text                                    0x08000dac   Section        0  _sputc.o(.text)
    .text                                    0x08000db6   Section        0  _snputc.o(.text)
    .text                                    0x08000dc6   Section        0  _printf_char.o(.text)
    .text                                    0x08000df2   Section        0  _chval.o(.text)
    _fp_value                                0x08000e11   Thumb Code   588  scanf_fp.o(.text)
    .text                                    0x08000e10   Section        0  scanf_fp.o(.text)
    _scanf_char_input                        0x08001309   Thumb Code    12  scanf_char.o(.text)
    .text                                    0x08001308   Section        0  scanf_char.o(.text)
    .text                                    0x08001334   Section        0  _sgetc.o(.text)
    .text                                    0x08001374   Section        0  strtol.o(.text)
    .text                                    0x080013e4   Section      100  rt_memcpy_w.o(.text)
    .text                                    0x08001448   Section       78  rt_memclr_w.o(.text)
    .text                                    0x08001498   Section        8  libspace.o(.text)
    .text                                    0x080014a0   Section       16  rt_ctype_table.o(.text)
    .text                                    0x080014b0   Section        8  rt_locale_intlibspace.o(.text)
    .text                                    0x080014b8   Section       38  llshl.o(.text)
    .text                                    0x080014de   Section      138  lludiv10.o(.text)
    .text                                    0x08001568   Section        0  isspace.o(.text)
    .text                                    0x0800157c   Section        0  _printf_fp_infnan.o(.text)
    .text                                    0x080015fc   Section        0  _scanf.o(.text)
    .text                                    0x08001970   Section        0  _strtoul.o(.text)
    .text                                    0x08001a10   Section        0  bigflt0.o(.text)
    .text                                    0x08001af4   Section       74  sys_stackheap_outer.o(.text)
    .text                                    0x08001b3e   Section        0  _rserrno.o(.text)
    .text                                    0x08001b54   Section        0  scanf_hexfp.o(.text)
    .text                                    0x08001e74   Section        0  scanf_infnan.o(.text)
    .text                                    0x08001fa8   Section        0  exit.o(.text)
    .text                                    0x08001fc0   Section      124  strcmpv7em.o(.text)
    .text                                    0x0800203c   Section        0  sys_exit.o(.text)
    .text                                    0x08002048   Section        2  use_no_semi.o(.text)
    .text                                    0x0800204a   Section        0  indicate_semi.o(.text)
    [Anonymous Symbol]                       0x0800204c   Section        0  util.o(.text.ClearBuffer)
    [Anonymous Symbol]                       0x0800205c   Section        0  esp.o(.text.ESP_Init_Station_Server)
    [Anonymous Symbol]                       0x08002348   Section        0  util.o(.text.IWDG_Init)
    [Anonymous Symbol]                       0x08002380   Section        0  util.o(.text.IWDG_Refresh)
    [Anonymous Symbol]                       0x08002394   Section        0  esp.o(.text.Parse_ESP_Data)
    [Anonymous Symbol]                       0x080024a8   Section        0  usart.o(.text.SendChar_usart2)
    [Anonymous Symbol]                       0x080024bc   Section        0  usart.o(.text.SendTxt_usart2)
    [Anonymous Symbol]                       0x080024e0   Section        0  system_stm32f4xx.o(.text.SystemInit)
    [Anonymous Symbol]                       0x080024f4   Section        0  usart.o(.text.USART2_IRQHandler)
    [Anonymous Symbol]                       0x080025c0   Section        0  usart.o(.text.USART2_Init)
    [Anonymous Symbol]                       0x08002644   Section        0  usart.o(.text.USART3_Init)
    [Anonymous Symbol]                       0x080026c8   Section        0  util.o(.text.delay_ms)
    [Anonymous Symbol]                       0x08002714   Section        0  main.o(.text.main)
    [Anonymous Symbol]                       0x0800274c   Section        0  webserver.o(.text.processRequest)
    [Anonymous Symbol]                       0x08002878   Section        0  webserver.o(.text.sendHTML)
    CL$$btod_d2e                             0x08002948   Section       62  btod.o(CL$$btod_d2e)
    CL$$btod_d2e_denorm_low                  0x08002986   Section       70  btod.o(CL$$btod_d2e_denorm_low)
    CL$$btod_d2e_norm_op1                    0x080029cc   Section       96  btod.o(CL$$btod_d2e_norm_op1)
    CL$$btod_div_common                      0x08002a2c   Section      824  btod.o(CL$$btod_div_common)
    CL$$btod_e2d                             0x08002d64   Section      132  btod.o(CL$$btod_e2d)
    CL$$btod_e2e                             0x08002de8   Section      220  btod.o(CL$$btod_e2e)
    CL$$btod_ediv                            0x08002ec4   Section       42  btod.o(CL$$btod_ediv)
    CL$$btod_edivd                           0x08002eee   Section       42  btod.o(CL$$btod_edivd)
    CL$$btod_emul                            0x08002f18   Section       42  btod.o(CL$$btod_emul)
    CL$$btod_emuld                           0x08002f42   Section       42  btod.o(CL$$btod_emuld)
    CL$$btod_mult_common                     0x08002f6c   Section      580  btod.o(CL$$btod_mult_common)
    i.__ARM_fpclassify                       0x080031b0   Section        0  fpclassify.o(i.__ARM_fpclassify)
    i.__hardfp___mathlib_tofloat             0x080031e0   Section        0  narrow.o(i.__hardfp___mathlib_tofloat)
    i.__hardfp_ldexp                         0x080032d8   Section        0  ldexp.o(i.__hardfp_ldexp)
    i.__mathlib_dbl_overflow                 0x080033a8   Section        0  dunder.o(i.__mathlib_dbl_overflow)
    i.__mathlib_dbl_underflow                0x080033c8   Section        0  dunder.o(i.__mathlib_dbl_underflow)
    i.__mathlib_narrow                       0x080033e8   Section        0  narrow.o(i.__mathlib_narrow)
    i.__support_ldexp                        0x080033fa   Section        0  ldexp.o(i.__support_ldexp)
    i._is_digit                              0x0800340e   Section        0  __printf_wp.o(i._is_digit)
    i.frexp                                  0x08003420   Section        0  frexp.o(i.frexp)
    locale$$code                             0x080034ac   Section       44  lc_numeric_c.o(locale$$code)
    locale$$code                             0x080034d8   Section       44  lc_ctype_c.o(locale$$code)
    $v0                                      0x08003504   Number         0  d2f.o(x$fpl$d2f)
    x$fpl$d2f                                0x08003504   Section       98  d2f.o(x$fpl$d2f)
    $v0                                      0x08003568   Number         0  dcheck1.o(x$fpl$dcheck1)
    x$fpl$dcheck1                            0x08003568   Section       16  dcheck1.o(x$fpl$dcheck1)
    $v0                                      0x08003578   Number         0  dcmpi.o(x$fpl$dcmpinf)
    x$fpl$dcmpinf                            0x08003578   Section       24  dcmpi.o(x$fpl$dcmpinf)
    $v0                                      0x08003590   Number         0  deqf.o(x$fpl$deqf)
    x$fpl$deqf                               0x08003590   Section      120  deqf.o(x$fpl$deqf)
    $v0                                      0x08003608   Number         0  dleqf.o(x$fpl$dleqf)
    x$fpl$dleqf                              0x08003608   Section      120  dleqf.o(x$fpl$dleqf)
    $v0                                      0x08003680   Number         0  dmul.o(x$fpl$dmul)
    x$fpl$dmul                               0x08003680   Section      340  dmul.o(x$fpl$dmul)
    $v0                                      0x080037d4   Number         0  dnaninf.o(x$fpl$dnaninf)
    x$fpl$dnaninf                            0x080037d4   Section      156  dnaninf.o(x$fpl$dnaninf)
    $v0                                      0x08003870   Number         0  dretinf.o(x$fpl$dretinf)
    x$fpl$dretinf                            0x08003870   Section       12  dretinf.o(x$fpl$dretinf)
    $v0                                      0x0800387c   Number         0  drleqf.o(x$fpl$drleqf)
    x$fpl$drleqf                             0x0800387c   Section      108  drleqf.o(x$fpl$drleqf)
    $v0                                      0x080038e8   Number         0  f2d.o(x$fpl$f2d)
    x$fpl$f2d                                0x080038e8   Section       86  f2d.o(x$fpl$f2d)
    $v0                                      0x0800393e   Number         0  fnaninf.o(x$fpl$fnaninf)
    x$fpl$fnaninf                            0x0800393e   Section      140  fnaninf.o(x$fpl$fnaninf)
    $v0                                      0x080039ca   Number         0  fpinit.o(x$fpl$fpinit)
    x$fpl$fpinit                             0x080039ca   Section       26  fpinit.o(x$fpl$fpinit)
    $v0                                      0x080039e4   Number         0  fretinf.o(x$fpl$fretinf)
    x$fpl$fretinf                            0x080039e4   Section       10  fretinf.o(x$fpl$fretinf)
    $v0                                      0x080039ee   Number         0  istatus.o(x$fpl$ieeestatus)
    x$fpl$ieeestatus                         0x080039ee   Section        6  istatus.o(x$fpl$ieeestatus)
    $v0                                      0x080039f4   Number         0  printf1.o(x$fpl$printf1)
    x$fpl$printf1                            0x080039f4   Section        4  printf1.o(x$fpl$printf1)
    $v0                                      0x080039f8   Number         0  retnan.o(x$fpl$retnan)
    x$fpl$retnan                             0x080039f8   Section      100  retnan.o(x$fpl$retnan)
    $v0                                      0x08003a5c   Number         0  scalbn.o(x$fpl$scalbn)
    x$fpl$scalbn                             0x08003a5c   Section       92  scalbn.o(x$fpl$scalbn)
    $v0                                      0x08003ab8   Number         0  scanf1.o(x$fpl$scanf1)
    x$fpl$scanf1                             0x08003ab8   Section        4  scanf1.o(x$fpl$scanf1)
    $v0                                      0x08003abc   Number         0  scanf2.o(x$fpl$scanf2)
    x$fpl$scanf2                             0x08003abc   Section        8  scanf2.o(x$fpl$scanf2)
    $v0                                      0x08003ac4   Number         0  trapv.o(x$fpl$trapveneer)
    x$fpl$trapveneer                         0x08003ac4   Section       48  trapv.o(x$fpl$trapveneer)
    tenpwrs_x                                0x08003af4   Data          60  bigflt0.o(.constdata)
    .constdata                               0x08003af4   Section      148  bigflt0.o(.constdata)
    x$fpl$usenofp                            0x08003af4   Section        0  usenofp.o(x$fpl$usenofp)
    tenpwrs_i                                0x08003b30   Data          64  bigflt0.o(.constdata)
    .L.str.1                                 0x08004592   Data           7  esp.o(.rodata.str1.1)
    [Anonymous Symbol]                       0x08004592   Section        0  esp.o(.rodata.str1.1)
    [Anonymous Symbol]                       0x08004599   Section        0  webserver.o(.rodata.str1.1)
    .L.str.2                                 0x080045b5   Data           6  webserver.o(.rodata.str1.1)
    .L.str.4                                 0x080045bb   Data          91  webserver.o(.rodata.str1.1)
    .L.str.3                                 0x08004616   Data          47  webserver.o(.rodata.str1.1)
    c$$dinf                                  0x08004668   Section        8  fpconst.o(c$$dinf)
    c$$dmax                                  0x08004670   Section        8  fpconst.o(c$$dmax)
    locale$$data                             0x08004678   Section       28  lc_numeric_c.o(locale$$data)
    __lcnum_c_name                           0x0800467c   Data           2  lc_numeric_c.o(locale$$data)
    __lcnum_c_start                          0x08004684   Data           0  lc_numeric_c.o(locale$$data)
    __lcnum_c_point                          0x08004690   Data           0  lc_numeric_c.o(locale$$data)
    __lcnum_c_thousands                      0x08004692   Data           0  lc_numeric_c.o(locale$$data)
    __lcnum_c_grouping                       0x08004693   Data           0  lc_numeric_c.o(locale$$data)
    __lcnum_c_end                            0x08004694   Data           0  lc_numeric_c.o(locale$$data)
    locale$$data                             0x08004694   Section      272  lc_ctype_c.o(locale$$data)
    __lcctype_c_name                         0x08004698   Data           2  lc_ctype_c.o(locale$$data)
    __lcctype_c_start                        0x080046a0   Data           0  lc_ctype_c.o(locale$$data)
    __lcctype_c_end                          0x080047a4   Data           0  lc_ctype_c.o(locale$$data)
    .bss                                     0x20000798   Section       96  libspace.o(.bss)
    Heap_Mem                                 0x20000fe0   Data         512  startup_stm32f407xx.o(HEAP)
    HEAP                                     0x20000fe0   Section      512  startup_stm32f407xx.o(HEAP)
    Stack_Mem                                0x200011e0   Data        1024  startup_stm32f407xx.o(STACK)
    STACK                                    0x200011e0   Section     1024  startup_stm32f407xx.o(STACK)
    __initial_sp                             0x200015e0   Data           0  startup_stm32f407xx.o(STACK)

    Global Symbols

    Symbol Name                              Value     Ov Type        Size  Object(Section)

    BuildAttributes$$THM_ISAv4$E$P$D$K$B$S$7EM$VFPi3$EXTD16$VFPS$VFMA$PE$A:L22UL41UL21$X:L11$S22US41US21$IEEE1$IW$~IW$USESV6$~STKCKD$USESV7$~SHL$OTIME$ROPI$IEEEX$EBA8$UX$STANDARDLIB$REQ8$PRES8$EABIv2 0x00000000   Number         0  anon$$obj.o ABSOLUTE
    _printf_flags                            0x00000000   Number         0  printf_stubs.o ABSOLUTE
    _printf_return_value                     0x00000000   Number         0  printf_stubs.o ABSOLUTE
    _printf_sizespec                         0x00000000   Number         0  printf_stubs.o ABSOLUTE
    _printf_widthprec                        0x00000000   Number         0  printf_stubs.o ABSOLUTE
    __ARM_exceptions_init                     - Undefined Weak Reference
    __alloca_initialize                       - Undefined Weak Reference
    __arm_preinit_                            - Undefined Weak Reference
    __arm_relocate_pie_                       - Undefined Weak Reference
    __cpp_initialize__aeabi_                  - Undefined Weak Reference
    __cxa_finalize                            - Undefined Weak Reference
    __sigvec_lookup                           - Undefined Weak Reference
    _atexit_init                              - Undefined Weak Reference
    _call_atexit_fns                          - Undefined Weak Reference
    _clock_init                               - Undefined Weak Reference
    _fp_trap_init                             - Undefined Weak Reference
    _fp_trap_shutdown                         - Undefined Weak Reference
    _get_lc_collate                           - Undefined Weak Reference
    _get_lc_monetary                          - Undefined Weak Reference
    _get_lc_time                              - Undefined Weak Reference
    _getenv_init                              - Undefined Weak Reference
    _handle_redirection                       - Undefined Weak Reference
    _init_alloc                               - Undefined Weak Reference
    _init_user_alloc                          - Undefined Weak Reference
    _initio                                   - Undefined Weak Reference
    _printf_mbtowc                            - Undefined Weak Reference
    _printf_post_padding                      - Undefined Weak Reference
    _printf_pre_padding                       - Undefined Weak Reference
    _rand_init                                - Undefined Weak Reference
    _scanf_longlong                           - Undefined Weak Reference
    _scanf_mbtowc                             - Undefined Weak Reference
    _scanf_string                             - Undefined Weak Reference
    _scanf_wctomb                             - Undefined Weak Reference
    _scanf_wstring                            - Undefined Weak Reference
    _signal_finish                            - Undefined Weak Reference
    _signal_init                              - Undefined Weak Reference
    _terminate_alloc                          - Undefined Weak Reference
    _terminate_user_alloc                     - Undefined Weak Reference
    _terminateio                              - Undefined Weak Reference
    __Vectors_Size                           0x00000188   Number         0  startup_stm32f407xx.o ABSOLUTE
    __Vectors                                0x08000000   Data           4  startup_stm32f407xx.o(RESET)
    __Vectors_End                            0x08000188   Data           0  startup_stm32f407xx.o(RESET)
    __main                                   0x08000189   Thumb Code     8  __main.o(!!!main)
    __scatterload                            0x08000191   Thumb Code     0  __scatter.o(!!!scatter)
    __scatterload_rt2                        0x08000191   Thumb Code    84  __scatter.o(!!!scatter)
    __scatterload_rt2_thumb_only             0x08000191   Thumb Code     0  __scatter.o(!!!scatter)
    __scatterload_loop                       0x0800019b   Thumb Code     0  __scatter.o(!!!scatter)
    __decompress                             0x080001ed   Thumb Code   100  __dclz77c.o(!!dclz77c)
    __decompress2                            0x080001ed   Thumb Code     0  __dclz77c.o(!!dclz77c)
    __scatterload_null                       0x08000251   Thumb Code     2  __scatter.o(!!handler_null)
    __scatterload_zeroinit                   0x08000255   Thumb Code    28  __scatter_zi.o(!!handler_zi)
    _printf_f                                0x08000271   Thumb Code     0  _printf_f.o(.ARM.Collect$$_printf_percent$$00000003)
    _printf_percent                          0x08000271   Thumb Code     0  _printf_percent.o(.ARM.Collect$$_printf_percent$$00000000)
    _printf_d                                0x08000277   Thumb Code     0  _printf_d.o(.ARM.Collect$$_printf_percent$$00000009)
    _printf_u                                0x0800027d   Thumb Code     0  _printf_u.o(.ARM.Collect$$_printf_percent$$0000000A)
    _printf_s                                0x08000283   Thumb Code     0  _printf_s.o(.ARM.Collect$$_printf_percent$$00000014)
    _printf_percent_end                      0x08000289   Thumb Code     0  _printf_percent_end.o(.ARM.Collect$$_printf_percent$$00000017)
    __rt_lib_init                            0x0800028d   Thumb Code     0  libinit.o(.ARM.Collect$$libinit$$00000000)
    __rt_lib_init_fp_1                       0x0800028f   Thumb Code     0  libinit2.o(.ARM.Collect$$libinit$$00000001)
    __rt_lib_init_heap_1                     0x08000293   Thumb Code     0  libinit2.o(.ARM.Collect$$libinit$$0000000C)
    __rt_lib_init_lc_common                  0x08000293   Thumb Code     0  libinit2.o(.ARM.Collect$$libinit$$00000011)
    __rt_lib_init_preinit_1                  0x08000293   Thumb Code     0  libinit2.o(.ARM.Collect$$libinit$$00000006)
    __rt_lib_init_rand_1                     0x08000293   Thumb Code     0  libinit2.o(.ARM.Collect$$libinit$$00000010)
    __rt_lib_init_relocate_pie_1             0x08000293   Thumb Code     0  libinit2.o(.ARM.Collect$$libinit$$00000004)
    __rt_lib_init_user_alloc_1               0x08000293   Thumb Code     0  libinit2.o(.ARM.Collect$$libinit$$0000000E)
    __rt_lib_init_lc_collate_1               0x08000299   Thumb Code     0  libinit2.o(.ARM.Collect$$libinit$$00000013)
    __rt_lib_init_lc_ctype_2                 0x08000299   Thumb Code     0  libinit2.o(.ARM.Collect$$libinit$$00000014)
    __rt_lib_init_lc_ctype_1                 0x080002a5   Thumb Code     0  libinit2.o(.ARM.Collect$$libinit$$00000015)
    __rt_lib_init_lc_monetary_1              0x080002a5   Thumb Code     0  libinit2.o(.ARM.Collect$$libinit$$00000017)
    __rt_lib_init_lc_numeric_2               0x080002a5   Thumb Code     0  libinit2.o(.ARM.Collect$$libinit$$00000018)
    __rt_lib_init_alloca_1                   0x080002af   Thumb Code     0  libinit2.o(.ARM.Collect$$libinit$$00000030)
    __rt_lib_init_argv_1                     0x080002af   Thumb Code     0  libinit2.o(.ARM.Collect$$libinit$$0000002E)
    __rt_lib_init_atexit_1                   0x080002af   Thumb Code     0  libinit2.o(.ARM.Collect$$libinit$$0000001D)
    __rt_lib_init_clock_1                    0x080002af   Thumb Code     0  libinit2.o(.ARM.Collect$$libinit$$00000023)
    __rt_lib_init_cpp_1                      0x080002af   Thumb Code     0  libinit2.o(.ARM.Collect$$libinit$$00000034)
    __rt_lib_init_exceptions_1               0x080002af   Thumb Code     0  libinit2.o(.ARM.Collect$$libinit$$00000032)
    __rt_lib_init_fp_trap_1                  0x080002af   Thumb Code     0  libinit2.o(.ARM.Collect$$libinit$$00000021)
    __rt_lib_init_getenv_1                   0x080002af   Thumb Code     0  libinit2.o(.ARM.Collect$$libinit$$00000025)
    __rt_lib_init_lc_numeric_1               0x080002af   Thumb Code     0  libinit2.o(.ARM.Collect$$libinit$$00000019)
    __rt_lib_init_lc_time_1                  0x080002af   Thumb Code     0  libinit2.o(.ARM.Collect$$libinit$$0000001B)
    __rt_lib_init_return                     0x080002af   Thumb Code     0  libinit2.o(.ARM.Collect$$libinit$$00000035)
    __rt_lib_init_signal_1                   0x080002af   Thumb Code     0  libinit2.o(.ARM.Collect$$libinit$$0000001F)
    __rt_lib_init_stdio_1                    0x080002af   Thumb Code     0  libinit2.o(.ARM.Collect$$libinit$$00000027)
    __rt_lib_shutdown                        0x080002b1   Thumb Code     0  libshutdown.o(.ARM.Collect$$libshutdown$$00000000)
    __rt_lib_shutdown_cpp_1                  0x080002b3   Thumb Code     0  libshutdown2.o(.ARM.Collect$$libshutdown$$00000002)
    __rt_lib_shutdown_fp_trap_1              0x080002b3   Thumb Code     0  libshutdown2.o(.ARM.Collect$$libshutdown$$00000007)
    __rt_lib_shutdown_heap_1                 0x080002b3   Thumb Code     0  libshutdown2.o(.ARM.Collect$$libshutdown$$0000000F)
    __rt_lib_shutdown_return                 0x080002b3   Thumb Code     0  libshutdown2.o(.ARM.Collect$$libshutdown$$00000010)
    __rt_lib_shutdown_signal_1               0x080002b3   Thumb Code     0  libshutdown2.o(.ARM.Collect$$libshutdown$$0000000A)
    __rt_lib_shutdown_stdio_1                0x080002b3   Thumb Code     0  libshutdown2.o(.ARM.Collect$$libshutdown$$00000004)
    __rt_lib_shutdown_user_alloc_1           0x080002b3   Thumb Code     0  libshutdown2.o(.ARM.Collect$$libshutdown$$0000000C)
    __rt_entry                               0x080002b5   Thumb Code     0  __rtentry.o(.ARM.Collect$$rtentry$$00000000)
    __rt_entry_presh_1                       0x080002b5   Thumb Code     0  __rtentry2.o(.ARM.Collect$$rtentry$$00000002)
    __rt_entry_sh                            0x080002b5   Thumb Code     0  __rtentry4.o(.ARM.Collect$$rtentry$$00000004)
    __rt_entry_li                            0x080002bb   Thumb Code     0  __rtentry2.o(.ARM.Collect$$rtentry$$0000000A)
    __rt_entry_postsh_1                      0x080002bb   Thumb Code     0  __rtentry2.o(.ARM.Collect$$rtentry$$00000009)
    __rt_entry_main                          0x080002bf   Thumb Code     0  __rtentry2.o(.ARM.Collect$$rtentry$$0000000D)
    __rt_entry_postli_1                      0x080002bf   Thumb Code     0  __rtentry2.o(.ARM.Collect$$rtentry$$0000000C)
    __rt_exit                                0x080002c7   Thumb Code     0  rtexit.o(.ARM.Collect$$rtexit$$00000000)
    __rt_exit_ls                             0x080002c9   Thumb Code     0  rtexit2.o(.ARM.Collect$$rtexit$$00000003)
    __rt_exit_prels_1                        0x080002c9   Thumb Code     0  rtexit2.o(.ARM.Collect$$rtexit$$00000002)
    __rt_exit_exit                           0x080002cd   Thumb Code     0  rtexit2.o(.ARM.Collect$$rtexit$$00000004)
    Reset_Handler                            0x080002d5   Thumb Code     8  startup_stm32f407xx.o(.text)
    NMI_Handler                              0x080002dd   Thumb Code     2  startup_stm32f407xx.o(.text)
    HardFault_Handler                        0x080002df   Thumb Code     2  startup_stm32f407xx.o(.text)
    MemManage_Handler                        0x080002e1   Thumb Code     2  startup_stm32f407xx.o(.text)
    BusFault_Handler                         0x080002e3   Thumb Code     2  startup_stm32f407xx.o(.text)
    UsageFault_Handler                       0x080002e5   Thumb Code     2  startup_stm32f407xx.o(.text)
    SVC_Handler                              0x080002e7   Thumb Code     2  startup_stm32f407xx.o(.text)
    DebugMon_Handler                         0x080002e9   Thumb Code     2  startup_stm32f407xx.o(.text)
    PendSV_Handler                           0x080002eb   Thumb Code     2  startup_stm32f407xx.o(.text)
    SysTick_Handler                          0x080002ed   Thumb Code     2  startup_stm32f407xx.o(.text)
    ADC_IRQHandler                           0x080002ef   Thumb Code     0  startup_stm32f407xx.o(.text)
    CAN1_RX0_IRQHandler                      0x080002ef   Thumb Code     0  startup_stm32f407xx.o(.text)
    CAN1_RX1_IRQHandler                      0x080002ef   Thumb Code     0  startup_stm32f407xx.o(.text)
    CAN1_SCE_IRQHandler                      0x080002ef   Thumb Code     0  startup_stm32f407xx.o(.text)
    CAN1_TX_IRQHandler                       0x080002ef   Thumb Code     0  startup_stm32f407xx.o(.text)
    CAN2_RX0_IRQHandler                      0x080002ef   Thumb Code     0  startup_stm32f407xx.o(.text)
    CAN2_RX1_IRQHandler                      0x080002ef   Thumb Code     0  startup_stm32f407xx.o(.text)
    CAN2_SCE_IRQHandler                      0x080002ef   Thumb Code     0  startup_stm32f407xx.o(.text)
    CAN2_TX_IRQHandler                       0x080002ef   Thumb Code     0  startup_stm32f407xx.o(.text)
    DCMI_IRQHandler                          0x080002ef   Thumb Code     0  startup_stm32f407xx.o(.text)
    DMA1_Stream0_IRQHandler                  0x080002ef   Thumb Code     0  startup_stm32f407xx.o(.text)
    DMA1_Stream1_IRQHandler                  0x080002ef   Thumb Code     0  startup_stm32f407xx.o(.text)
    DMA1_Stream2_IRQHandler                  0x080002ef   Thumb Code     0  startup_stm32f407xx.o(.text)
    DMA1_Stream3_IRQHandler                  0x080002ef   Thumb Code     0  startup_stm32f407xx.o(.text)
    DMA1_Stream4_IRQHandler                  0x080002ef   Thumb Code     0  startup_stm32f407xx.o(.text)
    DMA1_Stream5_IRQHandler                  0x080002ef   Thumb Code     0  startup_stm32f407xx.o(.text)
    DMA1_Stream6_IRQHandler                  0x080002ef   Thumb Code     0  startup_stm32f407xx.o(.text)
    DMA1_Stream7_IRQHandler                  0x080002ef   Thumb Code     0  startup_stm32f407xx.o(.text)
    DMA2_Stream0_IRQHandler                  0x080002ef   Thumb Code     0  startup_stm32f407xx.o(.text)
    DMA2_Stream1_IRQHandler                  0x080002ef   Thumb Code     0  startup_stm32f407xx.o(.text)
    DMA2_Stream2_IRQHandler                  0x080002ef   Thumb Code     0  startup_stm32f407xx.o(.text)
    DMA2_Stream3_IRQHandler                  0x080002ef   Thumb Code     0  startup_stm32f407xx.o(.text)
    DMA2_Stream4_IRQHandler                  0x080002ef   Thumb Code     0  startup_stm32f407xx.o(.text)
    DMA2_Stream5_IRQHandler                  0x080002ef   Thumb Code     0  startup_stm32f407xx.o(.text)
    DMA2_Stream6_IRQHandler                  0x080002ef   Thumb Code     0  startup_stm32f407xx.o(.text)
    DMA2_Stream7_IRQHandler                  0x080002ef   Thumb Code     0  startup_stm32f407xx.o(.text)
    ETH_IRQHandler                           0x080002ef   Thumb Code     0  startup_stm32f407xx.o(.text)
    ETH_WKUP_IRQHandler                      0x080002ef   Thumb Code     0  startup_stm32f407xx.o(.text)
    EXTI0_IRQHandler                         0x080002ef   Thumb Code     0  startup_stm32f407xx.o(.text)
    EXTI15_10_IRQHandler                     0x080002ef   Thumb Code     0  startup_stm32f407xx.o(.text)
    EXTI1_IRQHandler                         0x080002ef   Thumb Code     0  startup_stm32f407xx.o(.text)
    EXTI2_IRQHandler                         0x080002ef   Thumb Code     0  startup_stm32f407xx.o(.text)
    EXTI3_IRQHandler                         0x080002ef   Thumb Code     0  startup_stm32f407xx.o(.text)
    EXTI4_IRQHandler                         0x080002ef   Thumb Code     0  startup_stm32f407xx.o(.text)
    EXTI9_5_IRQHandler                       0x080002ef   Thumb Code     0  startup_stm32f407xx.o(.text)
    FLASH_IRQHandler                         0x080002ef   Thumb Code     0  startup_stm32f407xx.o(.text)
    FMC_IRQHandler                           0x080002ef   Thumb Code     0  startup_stm32f407xx.o(.text)
    FPU_IRQHandler                           0x080002ef   Thumb Code     0  startup_stm32f407xx.o(.text)
    HASH_RNG_IRQHandler                      0x080002ef   Thumb Code     0  startup_stm32f407xx.o(.text)
    I2C1_ER_IRQHandler                       0x080002ef   Thumb Code     0  startup_stm32f407xx.o(.text)
    I2C1_EV_IRQHandler                       0x080002ef   Thumb Code     0  startup_stm32f407xx.o(.text)
    I2C2_ER_IRQHandler                       0x080002ef   Thumb Code     0  startup_stm32f407xx.o(.text)
    I2C2_EV_IRQHandler                       0x080002ef   Thumb Code     0  startup_stm32f407xx.o(.text)
    I2C3_ER_IRQHandler                       0x080002ef   Thumb Code     0  startup_stm32f407xx.o(.text)
    I2C3_EV_IRQHandler                       0x080002ef   Thumb Code     0  startup_stm32f407xx.o(.text)
    OTG_FS_IRQHandler                        0x080002ef   Thumb Code     0  startup_stm32f407xx.o(.text)
    OTG_FS_WKUP_IRQHandler                   0x080002ef   Thumb Code     0  startup_stm32f407xx.o(.text)
    OTG_HS_EP1_IN_IRQHandler                 0x080002ef   Thumb Code     0  startup_stm32f407xx.o(.text)
    OTG_HS_EP1_OUT_IRQHandler                0x080002ef   Thumb Code     0  startup_stm32f407xx.o(.text)
    OTG_HS_IRQHandler                        0x080002ef   Thumb Code     0  startup_stm32f407xx.o(.text)
    OTG_HS_WKUP_IRQHandler                   0x080002ef   Thumb Code     0  startup_stm32f407xx.o(.text)
    PVD_IRQHandler                           0x080002ef   Thumb Code     0  startup_stm32f407xx.o(.text)
    RCC_IRQHandler                           0x080002ef   Thumb Code     0  startup_stm32f407xx.o(.text)
    RTC_Alarm_IRQHandler                     0x080002ef   Thumb Code     0  startup_stm32f407xx.o(.text)
    RTC_WKUP_IRQHandler                      0x080002ef   Thumb Code     0  startup_stm32f407xx.o(.text)
    SDIO_IRQHandler                          0x080002ef   Thumb Code     0  startup_stm32f407xx.o(.text)
    SPI1_IRQHandler                          0x080002ef   Thumb Code     0  startup_stm32f407xx.o(.text)
    SPI2_IRQHandler                          0x080002ef   Thumb Code     0  startup_stm32f407xx.o(.text)
    SPI3_IRQHandler                          0x080002ef   Thumb Code     0  startup_stm32f407xx.o(.text)
    TAMP_STAMP_IRQHandler                    0x080002ef   Thumb Code     0  startup_stm32f407xx.o(.text)
    TIM1_BRK_TIM9_IRQHandler                 0x080002ef   Thumb Code     0  startup_stm32f407xx.o(.text)
    TIM1_CC_IRQHandler                       0x080002ef   Thumb Code     0  startup_stm32f407xx.o(.text)
    TIM1_TRG_COM_TIM11_IRQHandler            0x080002ef   Thumb Code     0  startup_stm32f407xx.o(.text)
    TIM1_UP_TIM10_IRQHandler                 0x080002ef   Thumb Code     0  startup_stm32f407xx.o(.text)
    TIM2_IRQHandler                          0x080002ef   Thumb Code     0  startup_stm32f407xx.o(.text)
    TIM3_IRQHandler                          0x080002ef   Thumb Code     0  startup_stm32f407xx.o(.text)
    TIM4_IRQHandler                          0x080002ef   Thumb Code     0  startup_stm32f407xx.o(.text)
    TIM5_IRQHandler                          0x080002ef   Thumb Code     0  startup_stm32f407xx.o(.text)
    TIM6_DAC_IRQHandler                      0x080002ef   Thumb Code     0  startup_stm32f407xx.o(.text)
    TIM7_IRQHandler                          0x080002ef   Thumb Code     0  startup_stm32f407xx.o(.text)
    TIM8_BRK_TIM12_IRQHandler                0x080002ef   Thumb Code     0  startup_stm32f407xx.o(.text)
    TIM8_CC_IRQHandler                       0x080002ef   Thumb Code     0  startup_stm32f407xx.o(.text)
    TIM8_TRG_COM_TIM14_IRQHandler            0x080002ef   Thumb Code     0  startup_stm32f407xx.o(.text)
    TIM8_UP_TIM13_IRQHandler                 0x080002ef   Thumb Code     0  startup_stm32f407xx.o(.text)
    UART4_IRQHandler                         0x080002ef   Thumb Code     0  startup_stm32f407xx.o(.text)
    UART5_IRQHandler                         0x080002ef   Thumb Code     0  startup_stm32f407xx.o(.text)
    USART1_IRQHandler                        0x080002ef   Thumb Code     0  startup_stm32f407xx.o(.text)
    USART3_IRQHandler                        0x080002ef   Thumb Code     0  startup_stm32f407xx.o(.text)
    USART6_IRQHandler                        0x080002ef   Thumb Code     0  startup_stm32f407xx.o(.text)
    WWDG_IRQHandler                          0x080002ef   Thumb Code     0  startup_stm32f407xx.o(.text)
    __user_initial_stackheap                 0x080002f1   Thumb Code     0  startup_stm32f407xx.o(.text)
    __2sprintf                               0x08000315   Thumb Code    34  noretval__2sprintf.o(.text)
    __2snprintf                              0x0800033d   Thumb Code    58  noretval__2snprintf.o(.text)
    _printf_truncate_signed                  0x0800037d   Thumb Code    18  _printf_truncate.o(.text)
    _printf_truncate_unsigned                0x0800038f   Thumb Code    18  _printf_truncate.o(.text)
    _printf_str                              0x080003a1   Thumb Code    82  _printf_str.o(.text)
    _printf_int_dec                          0x080003f5   Thumb Code   104  _printf_dec.o(.text)
    __printf                                 0x0800046d   Thumb Code   352  __printf_ss_wp.o(.text)
    __0sscanf                                0x080005cd   Thumb Code    52  __0sscanf.o(.text)
    _scanf_int                               0x08000609   Thumb Code   332  _scanf_int.o(.text)
    atoi                                     0x08000755   Thumb Code    26  atoi.o(.text)
    strstr                                   0x0800076f   Thumb Code    36  strstr.o(.text)
    strlen                                   0x08000793   Thumb Code    62  strlen.o(.text)
    __aeabi_memcpy                           0x080007d1   Thumb Code     0  rt_memcpy_v6.o(.text)
    __rt_memcpy                              0x080007d1   Thumb Code   138  rt_memcpy_v6.o(.text)
    _memcpy_lastbytes                        0x08000837   Thumb Code     0  rt_memcpy_v6.o(.text)
    __aeabi_memclr                           0x0800085b   Thumb Code     0  rt_memclr.o(.text)
    __rt_memclr                              0x0800085b   Thumb Code     0  rt_memclr.o(.text)
    _memset                                  0x0800085f   Thumb Code    64  rt_memclr.o(.text)
    __use_two_region_memory                  0x0800089f   Thumb Code     2  heapauxi.o(.text)
    __rt_heap_escrow$2region                 0x080008a1   Thumb Code     2  heapauxi.o(.text)
    __rt_heap_expand$2region                 0x080008a3   Thumb Code     2  heapauxi.o(.text)
    __aeabi_errno_addr                       0x080008a5   Thumb Code     8  rt_errno_addr_intlibspace.o(.text)
    __errno$intlibspace                      0x080008a5   Thumb Code     0  rt_errno_addr_intlibspace.o(.text)
    __rt_errno_addr$intlibspace              0x080008a5   Thumb Code     0  rt_errno_addr_intlibspace.o(.text)
    _printf_int_common                       0x080008ad   Thumb Code   178  _printf_intcommon.o(.text)
    _printf_fp_dec_real                      0x08000b0f   Thumb Code   620  _printf_fp_dec.o(.text)
    _printf_char_common                      0x08000d87   Thumb Code    32  _printf_char_common.o(.text)
    _sputc                                   0x08000dad   Thumb Code    10  _sputc.o(.text)
    _snputc                                  0x08000db7   Thumb Code    16  _snputc.o(.text)
    _printf_cs_common                        0x08000dc7   Thumb Code    20  _printf_char.o(.text)
    _printf_char                             0x08000ddb   Thumb Code    16  _printf_char.o(.text)
    _printf_string                           0x08000deb   Thumb Code     8  _printf_char.o(.text)
    _chval                                   0x08000df3   Thumb Code    28  _chval.o(.text)
    _scanf_really_real                       0x0800105d   Thumb Code   684  scanf_fp.o(.text)
    __vfscanf_char                           0x08001315   Thumb Code    24  scanf_char.o(.text)
    _sgetc                                   0x08001335   Thumb Code    30  _sgetc.o(.text)
    _sbackspace                              0x08001353   Thumb Code    34  _sgetc.o(.text)
    strtol                                   0x08001375   Thumb Code   112  strtol.o(.text)
    __aeabi_memcpy4                          0x080013e5   Thumb Code     0  rt_memcpy_w.o(.text)
    __aeabi_memcpy8                          0x080013e5   Thumb Code     0  rt_memcpy_w.o(.text)
    __rt_memcpy_w                            0x080013e5   Thumb Code   100  rt_memcpy_w.o(.text)
    _memcpy_lastbytes_aligned                0x0800142d   Thumb Code     0  rt_memcpy_w.o(.text)
    __aeabi_memclr4                          0x08001449   Thumb Code     0  rt_memclr_w.o(.text)
    __aeabi_memclr8                          0x08001449   Thumb Code     0  rt_memclr_w.o(.text)
    __rt_memclr_w                            0x08001449   Thumb Code     0  rt_memclr_w.o(.text)
    _memset_w                                0x0800144d   Thumb Code    74  rt_memclr_w.o(.text)
    __user_libspace                          0x08001499   Thumb Code     8  libspace.o(.text)
    __user_perproc_libspace                  0x08001499   Thumb Code     0  libspace.o(.text)
    __user_perthread_libspace                0x08001499   Thumb Code     0  libspace.o(.text)
    __rt_ctype_table                         0x080014a1   Thumb Code    16  rt_ctype_table.o(.text)
    __rt_locale                              0x080014b1   Thumb Code     8  rt_locale_intlibspace.o(.text)
    __aeabi_llsl                             0x080014b9   Thumb Code     0  llshl.o(.text)
    _ll_shift_l                              0x080014b9   Thumb Code    38  llshl.o(.text)
    _ll_udiv10                               0x080014df   Thumb Code   138  lludiv10.o(.text)
    isspace                                  0x08001569   Thumb Code    18  isspace.o(.text)
    _printf_fp_infnan                        0x0800157d   Thumb Code   112  _printf_fp_infnan.o(.text)
    __vfscanf                                0x080015fd   Thumb Code   878  _scanf.o(.text)
    _strtoul                                 0x08001971   Thumb Code   158  _strtoul.o(.text)
    _btod_etento                             0x08001a11   Thumb Code   224  bigflt0.o(.text)
    __user_setup_stackheap                   0x08001af5   Thumb Code    74  sys_stackheap_outer.o(.text)
    __read_errno                             0x08001b3f   Thumb Code    10  _rserrno.o(.text)
    __set_errno                              0x08001b49   Thumb Code    12  _rserrno.o(.text)
    _scanf_really_hex_real                   0x08001b55   Thumb Code   786  scanf_hexfp.o(.text)
    _scanf_really_infnan                     0x08001e75   Thumb Code   292  scanf_infnan.o(.text)
    exit                                     0x08001fa9   Thumb Code    18  exit.o(.text)
    strcmp                                   0x08001fc1   Thumb Code   124  strcmpv7em.o(.text)
    _sys_exit                                0x0800203d   Thumb Code     8  sys_exit.o(.text)
    __I$use$semihosting                      0x08002049   Thumb Code     0  use_no_semi.o(.text)
    __use_no_semihosting_swi                 0x08002049   Thumb Code     2  use_no_semi.o(.text)
    __semihosting_library_function           0x0800204b   Thumb Code     0  indicate_semi.o(.text)
    ClearBuffer                              0x0800204d   Thumb Code    14  util.o(.text.ClearBuffer)
    ESP_Init_Station_Server                  0x0800205d   Thumb Code   608  esp.o(.text.ESP_Init_Station_Server)
    IWDG_Init                                0x08002349   Thumb Code    54  util.o(.text.IWDG_Init)
    IWDG_Refresh                             0x08002381   Thumb Code    20  util.o(.text.IWDG_Refresh)
    Parse_ESP_Data                           0x08002395   Thumb Code   168  esp.o(.text.Parse_ESP_Data)
    SendChar_usart2                          0x080024a9   Thumb Code    18  usart.o(.text.SendChar_usart2)
    SendTxt_usart2                           0x080024bd   Thumb Code    34  usart.o(.text.SendTxt_usart2)
    SystemInit                               0x080024e1   Thumb Code    18  system_stm32f4xx.o(.text.SystemInit)
    USART2_IRQHandler                        0x080024f5   Thumb Code   184  usart.o(.text.USART2_IRQHandler)
    USART2_Init                              0x080025c1   Thumb Code   130  usart.o(.text.USART2_Init)
    USART3_Init                              0x08002645   Thumb Code   132  usart.o(.text.USART3_Init)
    delay_ms                                 0x080026c9   Thumb Code    74  util.o(.text.delay_ms)
    main                                     0x08002715   Thumb Code    56  main.o(.text.main)
    processRequest                           0x0800274d   Thumb Code   208  webserver.o(.text.processRequest)
    sendHTML                                 0x08002879   Thumb Code   188  webserver.o(.text.sendHTML)
    _btod_d2e                                0x08002949   Thumb Code    62  btod.o(CL$$btod_d2e)
    _d2e_denorm_low                          0x08002987   Thumb Code    70  btod.o(CL$$btod_d2e_denorm_low)
    _d2e_norm_op1                            0x080029cd   Thumb Code    96  btod.o(CL$$btod_d2e_norm_op1)
    __btod_div_common                        0x08002a2d   Thumb Code   696  btod.o(CL$$btod_div_common)
    _e2d                                     0x08002d65   Thumb Code   122  btod.o(CL$$btod_e2d)
    _e2e                                     0x08002de9   Thumb Code   220  btod.o(CL$$btod_e2e)
    _btod_ediv                               0x08002ec5   Thumb Code    42  btod.o(CL$$btod_ediv)
    _btod_edivd                              0x08002eef   Thumb Code    42  btod.o(CL$$btod_edivd)
    _btod_emul                               0x08002f19   Thumb Code    42  btod.o(CL$$btod_emul)
    _btod_emuld                              0x08002f43   Thumb Code    42  btod.o(CL$$btod_emuld)
    __btod_mult_common                       0x08002f6d   Thumb Code   580  btod.o(CL$$btod_mult_common)
    __ARM_fpclassify                         0x080031b1   Thumb Code    48  fpclassify.o(i.__ARM_fpclassify)
    __hardfp___mathlib_tofloat               0x080031e1   Thumb Code   232  narrow.o(i.__hardfp___mathlib_tofloat)
    __hardfp_ldexp                           0x080032d9   Thumb Code   200  ldexp.o(i.__hardfp_ldexp)
    __mathlib_dbl_overflow                   0x080033a9   Thumb Code    24  dunder.o(i.__mathlib_dbl_overflow)
    __mathlib_dbl_underflow                  0x080033c9   Thumb Code    24  dunder.o(i.__mathlib_dbl_underflow)
    __mathlib_narrow                         0x080033e9   Thumb Code    18  narrow.o(i.__mathlib_narrow)
    __support_ldexp                          0x080033fb   Thumb Code    20  ldexp.o(i.__support_ldexp)
    _is_digit                                0x0800340f   Thumb Code    14  __printf_wp.o(i._is_digit)
    frexp                                    0x08003421   Thumb Code   118  frexp.o(i.frexp)
    _get_lc_numeric                          0x080034ad   Thumb Code    44  lc_numeric_c.o(locale$$code)
    _get_lc_ctype                            0x080034d9   Thumb Code    44  lc_ctype_c.o(locale$$code)
    __aeabi_d2f                              0x08003505   Thumb Code     0  d2f.o(x$fpl$d2f)
    _d2f                                     0x08003505   Thumb Code    98  d2f.o(x$fpl$d2f)
    __fpl_dcheck_NaN1                        0x08003569   Thumb Code    10  dcheck1.o(x$fpl$dcheck1)
    __fpl_dcmp_Inf                           0x08003579   Thumb Code    24  dcmpi.o(x$fpl$dcmpinf)
    __aeabi_cdcmpeq                          0x08003591   Thumb Code     0  deqf.o(x$fpl$deqf)
    _dcmpeq                                  0x08003591   Thumb Code   120  deqf.o(x$fpl$deqf)
    __aeabi_cdcmple                          0x08003609   Thumb Code     0  dleqf.o(x$fpl$dleqf)
    _dcmple                                  0x08003609   Thumb Code   120  dleqf.o(x$fpl$dleqf)
    __fpl_dcmple_InfNaN                      0x0800366b   Thumb Code     0  dleqf.o(x$fpl$dleqf)
    __aeabi_dmul                             0x08003681   Thumb Code     0  dmul.o(x$fpl$dmul)
    _dmul                                    0x08003681   Thumb Code   332  dmul.o(x$fpl$dmul)
    __fpl_dnaninf                            0x080037d5   Thumb Code   156  dnaninf.o(x$fpl$dnaninf)
    __fpl_dretinf                            0x08003871   Thumb Code    12  dretinf.o(x$fpl$dretinf)
    __aeabi_cdrcmple                         0x0800387d   Thumb Code     0  drleqf.o(x$fpl$drleqf)
    _drcmple                                 0x0800387d   Thumb Code   108  drleqf.o(x$fpl$drleqf)
    __aeabi_f2d                              0x080038e9   Thumb Code     0  f2d.o(x$fpl$f2d)
    _f2d                                     0x080038e9   Thumb Code    86  f2d.o(x$fpl$f2d)
    __fpl_fnaninf                            0x0800393f   Thumb Code   140  fnaninf.o(x$fpl$fnaninf)
    _fp_init                                 0x080039cb   Thumb Code    26  fpinit.o(x$fpl$fpinit)
    __fplib_config_fpu_vfp                   0x080039e3   Thumb Code     0  fpinit.o(x$fpl$fpinit)
    __fplib_config_pureend_doubles           0x080039e3   Thumb Code     0  fpinit.o(x$fpl$fpinit)
    __fpl_fretinf                            0x080039e5   Thumb Code    10  fretinf.o(x$fpl$fretinf)
    __ieee_status                            0x080039ef   Thumb Code     6  istatus.o(x$fpl$ieeestatus)
    _printf_fp_dec                           0x080039f5   Thumb Code     4  printf1.o(x$fpl$printf1)
    __fpl_return_NaN                         0x080039f9   Thumb Code   100  retnan.o(x$fpl$retnan)
    __ARM_scalbn                             0x08003a5d   Thumb Code    92  scalbn.o(x$fpl$scalbn)
    _scanf_real                              0x08003ab9   Thumb Code     4  scanf1.o(x$fpl$scanf1)
    _scanf_hex_real                          0x08003abd   Thumb Code     4  scanf2.o(x$fpl$scanf2)
    _scanf_infnan                            0x08003ac1   Thumb Code     4  scanf2.o(x$fpl$scanf2)
    __fpl_cmpreturn                          0x08003ac5   Thumb Code    48  trapv.o(x$fpl$trapveneer)
    __I$use$fp                               0x08003af4   Number         0  usenofp.o(x$fpl$usenofp)
    Login_Page                               0x08003b88   Data        1357  webserver.o(.rodata.Login_Page)
    main_page                                0x080040d5   Data        1213  webserver.o(.rodata.main_page)
    Region$$Table$$Base                      0x08004648   Number         0  anon$$obj.o(Region$$Table)
    Region$$Table$$Limit                     0x08004668   Number         0  anon$$obj.o(Region$$Table)
    __aeabi_HUGE_VAL                         0x08004668   Data           0  fpconst.o(c$$dinf)
    __aeabi_HUGE_VALL                        0x08004668   Data           0  fpconst.o(c$$dinf)
    __aeabi_INFINITY                         0x08004668   Data           0  fpconst.o(c$$dinf)
    __dInf                                   0x08004668   Data           0  fpconst.o(c$$dinf)
    __huge_val                               0x08004668   Data           0  fpconst.o(c$$dinf)
    __dbl_max                                0x08004670   Data           0  fpconst.o(c$$dmax)
    __ctype                                  0x080046a1   Data           0  lc_ctype_c.o(locale$$data)
    Data_Center_page                         0x20000000   Data        1934  webserver.o(.data.Data_Center_page)
    SystemCoreClock                          0x20000790   Data           4  system_stm32f4xx.o(.data.SystemCoreClock)
    response                                 0x20000794   Data           4  webserver.o(.data.response)
    __libspace_start                         0x20000798   Data          96  libspace.o(.bss)
    CpyBuffer                                0x200007f8   Data        1000  main.o(.bss.CpyBuffer)
    __temporary_stack_top$libspace           0x200007f8   Data           0  libspace.o(.bss)
    Esp_ADC_Value                            0x20000be0   Data           8  main.o(.bss.Esp_ADC_Value)
    Esp_temperature                          0x20000be8   Data           4  main.o(.bss.Esp_temperature)
    RX2_Buffer                               0x20000bec   Data         500  main.o(.bss.RX2_Buffer)
    browrser_request                         0x20000de0   Data           1  main.o(.bss.browrser_request)
    cmdBuffer                                0x20000de1   Data         500  main.o(.bss.cmdBuffer)
    j                                        0x20000fd8   Data           4  main.o(.bss.j)
    linkID                                   0x20000fdc   Data           4  main.o(.bss.linkID)



==============================================================================

Memory Map of the image

  Image Entry point : 0x080002d5

  Load Region LR_1 (Base: 0x08000000, Size: 0x00004f3c, Max: 0xffffffff, ABSOLUTE, COMPRESSED[0x00004bc8])

    Execution Region ER_RO (Exec base: 0x08000000, Load base: 0x08000000, Size: 0x000047a4, Max: 0xffffffff, ABSOLUTE)

    Exec Addr    Load Addr    Size         Type   Attr      Idx    E Section Name        Object

    0x08000000   0x08000000   0x00000188   Data   RO           97    RESET               startup_stm32f407xx.o
    0x08000188   0x08000188   0x00000008   Code   RO          178  * !!!main             c_w.l(__main.o)
    0x08000190   0x08000190   0x0000005c   Code   RO          545    !!!scatter          c_w.l(__scatter.o)
    0x080001ec   0x080001ec   0x00000064   Code   RO          543    !!dclz77c           c_w.l(__dclz77c.o)
    0x08000250   0x08000250   0x00000002   Code   RO          546    !!handler_null      c_w.l(__scatter.o)
    0x08000252   0x08000252   0x00000002   PAD
    0x08000254   0x08000254   0x0000001c   Code   RO          549    !!handler_zi        c_w.l(__scatter_zi.o)
    0x08000270   0x08000270   0x00000000   Code   RO          161    .ARM.Collect$$_printf_percent$$00000000  c_w.l(_printf_percent.o)
    0x08000270   0x08000270   0x00000006   Code   RO          160    .ARM.Collect$$_printf_percent$$00000003  c_w.l(_printf_f.o)
    0x08000276   0x08000276   0x00000006   Code   RO          158    .ARM.Collect$$_printf_percent$$00000009  c_w.l(_printf_d.o)
    0x0800027c   0x0800027c   0x00000006   Code   RO          159    .ARM.Collect$$_printf_percent$$0000000A  c_w.l(_printf_u.o)
    0x08000282   0x08000282   0x00000006   Code   RO          157    .ARM.Collect$$_printf_percent$$00000014  c_w.l(_printf_s.o)
    0x08000288   0x08000288   0x00000004   Code   RO          206    .ARM.Collect$$_printf_percent$$00000017  c_w.l(_printf_percent_end.o)
    0x0800028c   0x0800028c   0x00000002   Code   RO          344    .ARM.Collect$$libinit$$00000000  c_w.l(libinit.o)
    0x0800028e   0x0800028e   0x00000004   Code   RO          345    .ARM.Collect$$libinit$$00000001  c_w.l(libinit2.o)
    0x08000292   0x08000292   0x00000000   Code   RO          348    .ARM.Collect$$libinit$$00000004  c_w.l(libinit2.o)
    0x08000292   0x08000292   0x00000000   Code   RO          350    .ARM.Collect$$libinit$$00000006  c_w.l(libinit2.o)
    0x08000292   0x08000292   0x00000000   Code   RO          353    .ARM.Collect$$libinit$$0000000C  c_w.l(libinit2.o)
    0x08000292   0x08000292   0x00000000   Code   RO          355    .ARM.Collect$$libinit$$0000000E  c_w.l(libinit2.o)
    0x08000292   0x08000292   0x00000000   Code   RO          357    .ARM.Collect$$libinit$$00000010  c_w.l(libinit2.o)
    0x08000292   0x08000292   0x00000006   Code   RO          358    .ARM.Collect$$libinit$$00000011  c_w.l(libinit2.o)
    0x08000298   0x08000298   0x00000000   Code   RO          360    .ARM.Collect$$libinit$$00000013  c_w.l(libinit2.o)
    0x08000298   0x08000298   0x0000000c   Code   RO          361    .ARM.Collect$$libinit$$00000014  c_w.l(libinit2.o)
    0x080002a4   0x080002a4   0x00000000   Code   RO          362    .ARM.Collect$$libinit$$00000015  c_w.l(libinit2.o)
    0x080002a4   0x080002a4   0x00000000   Code   RO          364    .ARM.Collect$$libinit$$00000017  c_w.l(libinit2.o)
    0x080002a4   0x080002a4   0x0000000a   Code   RO          365    .ARM.Collect$$libinit$$00000018  c_w.l(libinit2.o)
    0x080002ae   0x080002ae   0x00000000   Code   RO          366    .ARM.Collect$$libinit$$00000019  c_w.l(libinit2.o)
    0x080002ae   0x080002ae   0x00000000   Code   RO          368    .ARM.Collect$$libinit$$0000001B  c_w.l(libinit2.o)
    0x080002ae   0x080002ae   0x00000000   Code   RO          370    .ARM.Collect$$libinit$$0000001D  c_w.l(libinit2.o)
    0x080002ae   0x080002ae   0x00000000   Code   RO          372    .ARM.Collect$$libinit$$0000001F  c_w.l(libinit2.o)
    0x080002ae   0x080002ae   0x00000000   Code   RO          374    .ARM.Collect$$libinit$$00000021  c_w.l(libinit2.o)
    0x080002ae   0x080002ae   0x00000000   Code   RO          376    .ARM.Collect$$libinit$$00000023  c_w.l(libinit2.o)
    0x080002ae   0x080002ae   0x00000000   Code   RO          378    .ARM.Collect$$libinit$$00000025  c_w.l(libinit2.o)
    0x080002ae   0x080002ae   0x00000000   Code   RO          380    .ARM.Collect$$libinit$$00000027  c_w.l(libinit2.o)
    0x080002ae   0x080002ae   0x00000000   Code   RO          384    .ARM.Collect$$libinit$$0000002E  c_w.l(libinit2.o)
    0x080002ae   0x080002ae   0x00000000   Code   RO          386    .ARM.Collect$$libinit$$00000030  c_w.l(libinit2.o)
    0x080002ae   0x080002ae   0x00000000   Code   RO          388    .ARM.Collect$$libinit$$00000032  c_w.l(libinit2.o)
    0x080002ae   0x080002ae   0x00000000   Code   RO          390    .ARM.Collect$$libinit$$00000034  c_w.l(libinit2.o)
    0x080002ae   0x080002ae   0x00000002   Code   RO          391    .ARM.Collect$$libinit$$00000035  c_w.l(libinit2.o)
    0x080002b0   0x080002b0   0x00000002   Code   RO          473    .ARM.Collect$$libshutdown$$00000000  c_w.l(libshutdown.o)
    0x080002b2   0x080002b2   0x00000000   Code   RO          496    .ARM.Collect$$libshutdown$$00000002  c_w.l(libshutdown2.o)
    0x080002b2   0x080002b2   0x00000000   Code   RO          498    .ARM.Collect$$libshutdown$$00000004  c_w.l(libshutdown2.o)
    0x080002b2   0x080002b2   0x00000000   Code   RO          501    .ARM.Collect$$libshutdown$$00000007  c_w.l(libshutdown2.o)
    0x080002b2   0x080002b2   0x00000000   Code   RO          504    .ARM.Collect$$libshutdown$$0000000A  c_w.l(libshutdown2.o)
    0x080002b2   0x080002b2   0x00000000   Code   RO          506    .ARM.Collect$$libshutdown$$0000000C  c_w.l(libshutdown2.o)
    0x080002b2   0x080002b2   0x00000000   Code   RO          509    .ARM.Collect$$libshutdown$$0000000F  c_w.l(libshutdown2.o)
    0x080002b2   0x080002b2   0x00000002   Code   RO          510    .ARM.Collect$$libshutdown$$00000010  c_w.l(libshutdown2.o)
    0x080002b4   0x080002b4   0x00000000   Code   RO          186    .ARM.Collect$$rtentry$$00000000  c_w.l(__rtentry.o)
    0x080002b4   0x080002b4   0x00000000   Code   RO          232    .ARM.Collect$$rtentry$$00000002  c_w.l(__rtentry2.o)
    0x080002b4   0x080002b4   0x00000006   Code   RO          244    .ARM.Collect$$rtentry$$00000004  c_w.l(__rtentry4.o)
    0x080002ba   0x080002ba   0x00000000   Code   RO          234    .ARM.Collect$$rtentry$$00000009  c_w.l(__rtentry2.o)
    0x080002ba   0x080002ba   0x00000004   Code   RO          235    .ARM.Collect$$rtentry$$0000000A  c_w.l(__rtentry2.o)
    0x080002be   0x080002be   0x00000000   Code   RO          237    .ARM.Collect$$rtentry$$0000000C  c_w.l(__rtentry2.o)
    0x080002be   0x080002be   0x00000008   Code   RO          238    .ARM.Collect$$rtentry$$0000000D  c_w.l(__rtentry2.o)
    0x080002c6   0x080002c6   0x00000002   Code   RO          404    .ARM.Collect$$rtexit$$00000000  c_w.l(rtexit.o)
    0x080002c8   0x080002c8   0x00000000   Code   RO          431    .ARM.Collect$$rtexit$$00000002  c_w.l(rtexit2.o)
    0x080002c8   0x080002c8   0x00000004   Code   RO          432    .ARM.Collect$$rtexit$$00000003  c_w.l(rtexit2.o)
    0x080002cc   0x080002cc   0x00000006   Code   RO          433    .ARM.Collect$$rtexit$$00000004  c_w.l(rtexit2.o)
    0x080002d2   0x080002d2   0x00000002   PAD
    0x080002d4   0x080002d4   0x00000040   Code   RO           98  * .text               startup_stm32f407xx.o
    0x08000314   0x08000314   0x00000028   Code   RO          125    .text               c_w.l(noretval__2sprintf.o)
    0x0800033c   0x0800033c   0x00000040   Code   RO          127    .text               c_w.l(noretval__2snprintf.o)
    0x0800037c   0x0800037c   0x00000024   Code   RO          131    .text               c_w.l(_printf_truncate.o)
    0x080003a0   0x080003a0   0x00000052   Code   RO          133    .text               c_w.l(_printf_str.o)
    0x080003f2   0x080003f2   0x00000002   PAD
    0x080003f4   0x080003f4   0x00000078   Code   RO          135    .text               c_w.l(_printf_dec.o)
    0x0800046c   0x0800046c   0x00000160   Code   RO          152    .text               c_w.l(__printf_ss_wp.o)
    0x080005cc   0x080005cc   0x0000003c   Code   RO          162    .text               c_w.l(__0sscanf.o)
    0x08000608   0x08000608   0x0000014c   Code   RO          164    .text               c_w.l(_scanf_int.o)
    0x08000754   0x08000754   0x0000001a   Code   RO          166    .text               c_w.l(atoi.o)
    0x0800076e   0x0800076e   0x00000024   Code   RO          168    .text               c_w.l(strstr.o)
    0x08000792   0x08000792   0x0000003e   Code   RO          170    .text               c_w.l(strlen.o)
    0x080007d0   0x080007d0   0x0000008a   Code   RO          172    .text               c_w.l(rt_memcpy_v6.o)
    0x0800085a   0x0800085a   0x00000044   Code   RO          174    .text               c_w.l(rt_memclr.o)
    0x0800089e   0x0800089e   0x00000006   Code   RO          176    .text               c_w.l(heapauxi.o)
    0x080008a4   0x080008a4   0x00000008   Code   RO          190    .text               c_w.l(rt_errno_addr_intlibspace.o)
    0x080008ac   0x080008ac   0x000000b2   Code   RO          192    .text               c_w.l(_printf_intcommon.o)
    0x0800095e   0x0800095e   0x0000041c   Code   RO          194    .text               c_w.l(_printf_fp_dec.o)
    0x08000d7a   0x08000d7a   0x00000002   PAD
    0x08000d7c   0x08000d7c   0x00000030   Code   RO          198    .text               c_w.l(_printf_char_common.o)
    0x08000dac   0x08000dac   0x0000000a   Code   RO          200    .text               c_w.l(_sputc.o)
    0x08000db6   0x08000db6   0x00000010   Code   RO          202    .text               c_w.l(_snputc.o)
    0x08000dc6   0x08000dc6   0x0000002c   Code   RO          204    .text               c_w.l(_printf_char.o)
    0x08000df2   0x08000df2   0x0000001c   Code   RO          207    .text               c_w.l(_chval.o)
    0x08000e0e   0x08000e0e   0x00000002   PAD
    0x08000e10   0x08000e10   0x000004f8   Code   RO          209    .text               c_w.l(scanf_fp.o)
    0x08001308   0x08001308   0x0000002c   Code   RO          213    .text               c_w.l(scanf_char.o)
    0x08001334   0x08001334   0x00000040   Code   RO          215    .text               c_w.l(_sgetc.o)
    0x08001374   0x08001374   0x00000070   Code   RO          217    .text               c_w.l(strtol.o)
    0x080013e4   0x080013e4   0x00000064   Code   RO          219    .text               c_w.l(rt_memcpy_w.o)
    0x08001448   0x08001448   0x0000004e   Code   RO          221    .text               c_w.l(rt_memclr_w.o)
    0x08001496   0x08001496   0x00000002   PAD
    0x08001498   0x08001498   0x00000008   Code   RO          228    .text               c_w.l(libspace.o)
    0x080014a0   0x080014a0   0x00000010   Code   RO          246    .text               c_w.l(rt_ctype_table.o)
    0x080014b0   0x080014b0   0x00000008   Code   RO          251    .text               c_w.l(rt_locale_intlibspace.o)
    0x080014b8   0x080014b8   0x00000026   Code   RO          253    .text               c_w.l(llshl.o)
    0x080014de   0x080014de   0x0000008a   Code   RO          255    .text               c_w.l(lludiv10.o)
    0x08001568   0x08001568   0x00000012   Code   RO          257    .text               c_w.l(isspace.o)
    0x0800157a   0x0800157a   0x00000002   PAD
    0x0800157c   0x0800157c   0x00000080   Code   RO          259    .text               c_w.l(_printf_fp_infnan.o)
    0x080015fc   0x080015fc   0x00000374   Code   RO          263    .text               c_w.l(_scanf.o)
    0x08001970   0x08001970   0x0000009e   Code   RO          265    .text               c_w.l(_strtoul.o)
    0x08001a0e   0x08001a0e   0x00000002   PAD
    0x08001a10   0x08001a10   0x000000e4   Code   RO          267    .text               c_w.l(bigflt0.o)
    0x08001af4   0x08001af4   0x0000004a   Code   RO          322    .text               c_w.l(sys_stackheap_outer.o)
    0x08001b3e   0x08001b3e   0x00000016   Code   RO          324    .text               c_w.l(_rserrno.o)
    0x08001b54   0x08001b54   0x00000320   Code   RO          326    .text               c_w.l(scanf_hexfp.o)
    0x08001e74   0x08001e74   0x00000134   Code   RO          328    .text               c_w.l(scanf_infnan.o)
    0x08001fa8   0x08001fa8   0x00000012   Code   RO          335    .text               c_w.l(exit.o)
    0x08001fba   0x08001fba   0x00000006   PAD
    0x08001fc0   0x08001fc0   0x0000007c   Code   RO          337    .text               c_w.l(strcmpv7em.o)
    0x0800203c   0x0800203c   0x0000000c   Code   RO          459    .text               c_w.l(sys_exit.o)
    0x08002048   0x08002048   0x00000002   Code   RO          486    .text               c_w.l(use_no_semi.o)
    0x0800204a   0x0800204a   0x00000000   Code   RO          488    .text               c_w.l(indicate_semi.o)
    0x0800204a   0x0800204a   0x00000002   PAD
    0x0800204c   0x0800204c   0x0000000e   Code   RO           20    .text.ClearBuffer   util.o
    0x0800205a   0x0800205a   0x00000002   PAD
    0x0800205c   0x0800205c   0x000002ec   Code   RO           62    .text.ESP_Init_Station_Server  esp.o
    0x08002348   0x08002348   0x00000036   Code   RO           24    .text.IWDG_Init     util.o
    0x0800237e   0x0800237e   0x00000002   PAD
    0x08002380   0x08002380   0x00000014   Code   RO           26    .text.IWDG_Refresh  util.o
    0x08002394   0x08002394   0x00000114   Code   RO           64    .text.Parse_ESP_Data  esp.o
    0x080024a8   0x080024a8   0x00000012   Code   RO           44    .text.SendChar_usart2  usart.o
    0x080024ba   0x080024ba   0x00000002   PAD
    0x080024bc   0x080024bc   0x00000022   Code   RO           46    .text.SendTxt_usart2  usart.o
    0x080024de   0x080024de   0x00000002   PAD
    0x080024e0   0x080024e0   0x00000012   Code   RO          105    .text.SystemInit    system_stm32f4xx.o
    0x080024f2   0x080024f2   0x00000002   PAD
    0x080024f4   0x080024f4   0x000000cc   Code   RO           48    .text.USART2_IRQHandler  usart.o
    0x080025c0   0x080025c0   0x00000082   Code   RO           42    .text.USART2_Init   usart.o
    0x08002642   0x08002642   0x00000002   PAD
    0x08002644   0x08002644   0x00000084   Code   RO           36    .text.USART3_Init   usart.o
    0x080026c8   0x080026c8   0x0000004a   Code   RO           22    .text.delay_ms      util.o
    0x08002712   0x08002712   0x00000002   PAD
    0x08002714   0x08002714   0x00000038   Code   RO            2    .text.main          main.o
    0x0800274c   0x0800274c   0x0000012c   Code   RO           81    .text.processRequest  webserver.o
    0x08002878   0x08002878   0x000000d0   Code   RO           75    .text.sendHTML      webserver.o
    0x08002948   0x08002948   0x0000003e   Code   RO          270    CL$$btod_d2e        c_w.l(btod.o)
    0x08002986   0x08002986   0x00000046   Code   RO          272    CL$$btod_d2e_denorm_low  c_w.l(btod.o)
    0x080029cc   0x080029cc   0x00000060   Code   RO          271    CL$$btod_d2e_norm_op1  c_w.l(btod.o)
    0x08002a2c   0x08002a2c   0x00000338   Code   RO          280    CL$$btod_div_common  c_w.l(btod.o)
    0x08002d64   0x08002d64   0x00000084   Code   RO          278    CL$$btod_e2d        c_w.l(btod.o)
    0x08002de8   0x08002de8   0x000000dc   Code   RO          277    CL$$btod_e2e        c_w.l(btod.o)
    0x08002ec4   0x08002ec4   0x0000002a   Code   RO          274    CL$$btod_ediv       c_w.l(btod.o)
    0x08002eee   0x08002eee   0x0000002a   Code   RO          276    CL$$btod_edivd      c_w.l(btod.o)
    0x08002f18   0x08002f18   0x0000002a   Code   RO          273    CL$$btod_emul       c_w.l(btod.o)
    0x08002f42   0x08002f42   0x0000002a   Code   RO          275    CL$$btod_emuld      c_w.l(btod.o)
    0x08002f6c   0x08002f6c   0x00000244   Code   RO          279    CL$$btod_mult_common  c_w.l(btod.o)
    0x080031b0   0x080031b0   0x00000030   Code   RO          312    i.__ARM_fpclassify  m_wm.l(fpclassify.o)
    0x080031e0   0x080031e0   0x000000f8   Code   RO          314    i.__hardfp___mathlib_tofloat  m_wm.l(narrow.o)
    0x080032d8   0x080032d8   0x000000d0   Code   RO          422    i.__hardfp_ldexp    m_wm.l(ldexp.o)
    0x080033a8   0x080033a8   0x00000020   Code   RO          447    i.__mathlib_dbl_overflow  m_wm.l(dunder.o)
    0x080033c8   0x080033c8   0x00000020   Code   RO          449    i.__mathlib_dbl_underflow  m_wm.l(dunder.o)
    0x080033e8   0x080033e8   0x00000012   Code   RO          315    i.__mathlib_narrow  m_wm.l(narrow.o)
    0x080033fa   0x080033fa   0x00000014   Code   RO          424    i.__support_ldexp   m_wm.l(ldexp.o)
    0x0800340e   0x0800340e   0x0000000e   Code   RO          147    i._is_digit         c_w.l(__printf_wp.o)
    0x0800341c   0x0800341c   0x00000004   PAD
    0x08003420   0x08003420   0x0000008c   Code   RO          400    i.frexp             m_wm.l(frexp.o)
    0x080034ac   0x080034ac   0x0000002c   Code   RO          298    locale$$code        c_w.l(lc_numeric_c.o)
    0x080034d8   0x080034d8   0x0000002c   Code   RO          333    locale$$code        c_w.l(lc_ctype_c.o)
    0x08003504   0x08003504   0x00000062   Code   RO          392    x$fpl$d2f           fz_wm.l(d2f.o)
    0x08003566   0x08003566   0x00000002   PAD
    0x08003568   0x08003568   0x00000010   Code   RO          480    x$fpl$dcheck1       fz_wm.l(dcheck1.o)
    0x08003578   0x08003578   0x00000018   Code   RO          410    x$fpl$dcmpinf       fz_wm.l(dcmpi.o)
    0x08003590   0x08003590   0x00000078   Code   RO          394    x$fpl$deqf          fz_wm.l(deqf.o)
    0x08003608   0x08003608   0x00000078   Code   RO          412    x$fpl$dleqf         fz_wm.l(dleqf.o)
    0x08003680   0x08003680   0x00000154   Code   RO          414    x$fpl$dmul          fz_wm.l(dmul.o)
    0x080037d4   0x080037d4   0x0000009c   Code   RO          416    x$fpl$dnaninf       fz_wm.l(dnaninf.o)
    0x08003870   0x08003870   0x0000000c   Code   RO          223    x$fpl$dretinf       fz_wm.l(dretinf.o)
    0x0800387c   0x0800387c   0x0000006c   Code   RO          396    x$fpl$drleqf        fz_wm.l(drleqf.o)
    0x080038e8   0x080038e8   0x00000056   Code   RO          180    x$fpl$f2d           fz_wm.l(f2d.o)
    0x0800393e   0x0800393e   0x0000008c   Code   RO          225    x$fpl$fnaninf       fz_wm.l(fnaninf.o)
    0x080039ca   0x080039ca   0x0000001a   Code   RO          418    x$fpl$fpinit        fz_wm.l(fpinit.o)
    0x080039e4   0x080039e4   0x0000000a   Code   RO          420    x$fpl$fretinf       fz_wm.l(fretinf.o)
    0x080039ee   0x080039ee   0x00000006   Code   RO          304    x$fpl$ieeestatus    fz_wm.l(istatus.o)
    0x080039f4   0x080039f4   0x00000004   Code   RO          182    x$fpl$printf1       fz_wm.l(printf1.o)
    0x080039f8   0x080039f8   0x00000064   Code   RO          511    x$fpl$retnan        fz_wm.l(retnan.o)
    0x08003a5c   0x08003a5c   0x0000005c   Code   RO          441    x$fpl$scalbn        fz_wm.l(scalbn.o)
    0x08003ab8   0x08003ab8   0x00000004   Code   RO          184    x$fpl$scanf1        fz_wm.l(scanf1.o)
    0x08003abc   0x08003abc   0x00000008   Code   RO          306    x$fpl$scanf2        fz_wm.l(scanf2.o)
    0x08003ac4   0x08003ac4   0x00000030   Code   RO          517    x$fpl$trapveneer    fz_wm.l(trapv.o)
    0x08003af4   0x08003af4   0x00000000   Code   RO          227    x$fpl$usenofp       fz_wm.l(usenofp.o)
    0x08003af4   0x08003af4   0x00000094   Data   RO          268    .constdata          c_w.l(bigflt0.o)
    0x08003b88   0x08003b88   0x0000054d   Data   RO           85    .rodata.Login_Page  webserver.o
    0x080040d5   0x080040d5   0x000004bd   Data   RO           86    .rodata.main_page   webserver.o
    0x08004592   0x08004592   0x00000007   Data   RO           66    .rodata.str1.1      esp.o
    0x08004599   0x08004599   0x000000ac   Data   RO           83    .rodata.str1.1      webserver.o
    0x08004645   0x08004645   0x00000003   PAD
    0x08004648   0x08004648   0x00000020   Data   RO          542    Region$$Table       anon$$obj.o
    0x08004668   0x08004668   0x00000008   Data   RO          300    c$$dinf             fz_wm.l(fpconst.o)
    0x08004670   0x08004670   0x00000008   Data   RO          303    c$$dmax             fz_wm.l(fpconst.o)
    0x08004678   0x08004678   0x0000001c   Data   RO          297    locale$$data        c_w.l(lc_numeric_c.o)
    0x08004694   0x08004694   0x00000110   Data   RO          332    locale$$data        c_w.l(lc_ctype_c.o)


    Execution Region ER_RW (Exec base: 0x20000000, Load base: 0x080047a4, Size: 0x00000798, Max: 0xffffffff, ABSOLUTE, COMPRESSED[0x00000424])

    Exec Addr    Load Addr    Size         Type   Attr      Idx    E Section Name        Object

    0x20000000   COMPRESSED   0x0000078e   Data   RW           87    .data.Data_Center_page  webserver.o
    0x2000078e   COMPRESSED   0x00000002   PAD
    0x20000790   COMPRESSED   0x00000004   Data   RW          109    .data.SystemCoreClock  system_stm32f4xx.o
    0x20000794   COMPRESSED   0x00000004   Data   RW           84    .data.response      webserver.o


    Execution Region ER_ZI (Exec base: 0x20000798, Load base: 0x08004bc8, Size: 0x00000e48, Max: 0xffffffff, ABSOLUTE)

    Exec Addr    Load Addr    Size         Type   Attr      Idx    E Section Name        Object

    0x20000798        -       0x00000060   Zero   RW          229    .bss                c_w.l(libspace.o)
    0x200007f8        -       0x000003e8   Zero   RW            7    .bss.CpyBuffer      main.o
    0x20000be0        -       0x00000008   Zero   RW           12    .bss.Esp_ADC_Value  main.o
    0x20000be8        -       0x00000004   Zero   RW           11    .bss.Esp_temperature  main.o
    0x20000bec        -       0x000001f4   Zero   RW            9    .bss.RX2_Buffer     main.o
    0x20000de0        -       0x00000001   Zero   RW            6    .bss.browrser_request  main.o
    0x20000de1        -       0x000001f4   Zero   RW            8    .bss.cmdBuffer      main.o
    0x20000fd5   0x08004bc8   0x00000003   PAD
    0x20000fd8        -       0x00000004   Zero   RW            4    .bss.j              main.o
    0x20000fdc        -       0x00000004   Zero   RW           10    .bss.linkID         main.o
    0x20000fe0        -       0x00000200   Zero   RW           96    HEAP                startup_stm32f407xx.o
    0x200011e0        -       0x00000400   Zero   RW           95    STACK               startup_stm32f407xx.o


==============================================================================

Image component sizes


      Code (inc. data)   RO Data    RW Data    ZI Data      Debug   Object Name

      1024        248          7          0          0       3785   esp.o
        56          0          0          0       2021       1011   main.o
        64         26        392          0       1536        944   startup_stm32f407xx.o
        18          0          0          4          0       2843   system_stm32f4xx.o
       518         20          0          0          0       5501   usart.o
       162          0          0          0          0       1714   util.o
       508        112       2742       1938          0       2739   webserver.o

    ----------------------------------------------------------------------
      2364        406       3176       1944       3560      18537   Object Totals
         0          0         32          0          0          0   (incl. Generated)
        14          0          3          2          3          0   (incl. Padding)

    ----------------------------------------------------------------------

      Code (inc. data)   RO Data    RW Data    ZI Data      Debug   Library Member Name

        60          8          0          0          0         84   __0sscanf.o
       100          0          0          0          0          0   __dclz77c.o
         8          0          0          0          0         68   __main.o
       352          0          0          0          0         88   __printf_ss_wp.o
        14          0          0          0          0         68   __printf_wp.o
         0          0          0          0          0          0   __rtentry.o
        12          0          0          0          0          0   __rtentry2.o
         6          0          0          0          0          0   __rtentry4.o
        94          8          0          0          0          0   __scatter.o
        28          0          0          0          0          0   __scatter_zi.o
        28          0          0          0          0         68   _chval.o
        44          0          0          0          0        108   _printf_char.o
        48          6          0          0          0         96   _printf_char_common.o
         6          0          0          0          0          0   _printf_d.o
       120         16          0          0          0         92   _printf_dec.o
         6          0          0          0          0          0   _printf_f.o
      1052          0          0          0          0        148   _printf_fp_dec.o
       128         16          0          0          0         84   _printf_fp_infnan.o
       178          0          0          0          0         88   _printf_intcommon.o
         0          0          0          0          0          0   _printf_percent.o
         4          0          0          0          0          0   _printf_percent_end.o
         6          0          0          0          0          0   _printf_s.o
        82          0          0          0          0         80   _printf_str.o
        36          0          0          0          0         84   _printf_truncate.o
         6          0          0          0          0          0   _printf_u.o
        22          0          0          0          0        100   _rserrno.o
       884          6          0          0          0        100   _scanf.o
       332          0          0          0          0         96   _scanf_int.o
        64          0          0          0          0         84   _sgetc.o
        16          0          0          0          0         68   _snputc.o
        10          0          0          0          0         68   _sputc.o
       158          0          0          0          0         92   _strtoul.o
        26          0          0          0          0         80   atoi.o
       228          4        148          0          0         96   bigflt0.o
      2152        136          0          0          0        956   btod.o
        18          0          0          0          0         80   exit.o
         6          0          0          0          0        152   heapauxi.o
         0          0          0          0          0          0   indicate_semi.o
        18          0          0          0          0         76   isspace.o
        44         10        272          0          0         76   lc_ctype_c.o
        44         10         28          0          0         76   lc_numeric_c.o
         2          0          0          0          0          0   libinit.o
        34          0          0          0          0          0   libinit2.o
         2          0          0          0          0          0   libshutdown.o
         2          0          0          0          0          0   libshutdown2.o
         8          4          0          0         96         68   libspace.o
        38          0          0          0          0         68   llshl.o
       138          0          0          0          0         80   lludiv10.o
        64          6          0          0          0         84   noretval__2snprintf.o
        40          6          0          0          0         84   noretval__2sprintf.o
        16          4          0          0          0         76   rt_ctype_table.o
         8          4          0          0          0         68   rt_errno_addr_intlibspace.o
         8          4          0          0          0         68   rt_locale_intlibspace.o
        68          0          0          0          0         68   rt_memclr.o
        78          0          0          0          0         80   rt_memclr_w.o
       138          0          0          0          0         68   rt_memcpy_v6.o
       100          0          0          0          0         80   rt_memcpy_w.o
         2          0          0          0          0          0   rtexit.o
        10          0          0          0          0          0   rtexit2.o
        44          8          0          0          0         84   scanf_char.o
      1272         16          0          0          0        168   scanf_fp.o
       800         14          0          0          0        100   scanf_hexfp.o
       308         16          0          0          0        100   scanf_infnan.o
       124          0          0          0          0         88   strcmpv7em.o
        62          0          0          0          0         76   strlen.o
        36          0          0          0          0         80   strstr.o
       112          0          0          0          0         88   strtol.o
        12          4          0          0          0         68   sys_exit.o
        74          0          0          0          0         80   sys_stackheap_outer.o
         2          0          0          0          0         68   use_no_semi.o
        98          4          0          0          0        140   d2f.o
        16          4          0          0          0        116   dcheck1.o
        24          0          0          0          0        116   dcmpi.o
       120          4          0          0          0        140   deqf.o
       120          4          0          0          0        140   dleqf.o
       340         12          0          0          0        152   dmul.o
       156          4          0          0          0        140   dnaninf.o
        12          0          0          0          0        116   dretinf.o
       108          0          0          0          0        128   drleqf.o
        86          4          0          0          0        132   f2d.o
       140          4          0          0          0        132   fnaninf.o
         0          0         16          0          0          0   fpconst.o
        26          0          0          0          0        116   fpinit.o
        10          0          0          0          0        116   fretinf.o
         6          0          0          0          0        116   istatus.o
         4          0          0          0          0        116   printf1.o
       100          0          0          0          0        116   retnan.o
        92          0          0          0          0        116   scalbn.o
         4          0          0          0          0        116   scanf1.o
         8          0          0          0          0        132   scanf2.o
        48          0          0          0          0        116   trapv.o
         0          0          0          0          0          0   usenofp.o
        64         16          0          0          0        248   dunder.o
        48          0          0          0          0        124   fpclassify.o
       140         22          0          0          0        132   frexp.o
       228          8          0          0          0        308   ldexp.o
       266         16          0          0          0        308   narrow.o

    ----------------------------------------------------------------------
     12336        408        464          0         96       8880   Library Totals
        30          0          0          0          0          0   (incl. Padding)

    ----------------------------------------------------------------------

      Code (inc. data)   RO Data    RW Data    ZI Data      Debug   Library Name

     10042        306        448          0         96       5248   c_w.l
      1518         40         16          0          0       2512   fz_wm.l
       746         62          0          0          0       1120   m_wm.l

    ----------------------------------------------------------------------
     12336        408        464          0         96       8880   Library Totals

    ----------------------------------------------------------------------

==============================================================================


      Code (inc. data)   RO Data    RW Data    ZI Data      Debug   

     14700        814       3640       1944       3656      21821   Grand Totals
     14700        814       3640       1060       3656      21821   ELF Image Totals (compressed)
     14700        814       3640       1060          0          0   ROM Totals

==============================================================================

    Total RO  Size (Code + RO Data)                18340 (  17.91kB)
    Total RW  Size (RW Data + ZI Data)              5600 (   5.47kB)
    Total ROM Size (Code + RO Data + RW Data)      19400 (  18.95kB)

==============================================================================

